[2026-03-19T20:11:32.840+0000][0.008s] CardTable entry size: 512
[2026-03-19T20:11:32.840+0000][0.008s] Using G1
[2026-03-19T20:11:34.003+0000][1.171s] Version: 21.0.10+7-LTS (release)
[2026-03-19T20:11:34.003+0000][1.171s] CPUs: 11 total, 4 available
[2026-03-19T20:11:34.003+0000][1.171s] Memory: 6144M
[2026-03-19T20:11:34.003+0000][1.171s] Large Page Support: Disabled
[2026-03-19T20:11:34.003+0000][1.171s] NUMA Support: Disabled
[2026-03-19T20:11:34.003+0000][1.171s] Compressed Oops: Enabled (Zero based)
[2026-03-19T20:11:34.003+0000][1.171s] Heap Region Size: 2M
[2026-03-19T20:11:34.003+0000][1.171s] Heap Min Capacity: 3G
[2026-03-19T20:11:34.003+0000][1.171s] Heap Initial Capacity: 3G
[2026-03-19T20:11:34.003+0000][1.172s] Heap Max Capacity: 4G
[2026-03-19T20:11:34.003+0000][1.172s] Pre-touch: Enabled
[2026-03-19T20:11:34.003+0000][1.172s] Parallel Workers: 4
[2026-03-19T20:11:34.004+0000][1.172s] Concurrent Workers: 2
[2026-03-19T20:11:34.004+0000][1.172s] Concurrent Refinement Workers: 4
[2026-03-19T20:11:34.004+0000][1.172s] Periodic GC: Disabled
[2026-03-19T20:11:34.022+0000][1.190s] CDS archive(s) mapped at: [0x000000b000000000-0x000000b000bb0000-0x000000b000bb0000), size 12255232, SharedBaseAddress: 0x000000b000000000, ArchiveRelocationMode: 1.
[2026-03-19T20:11:34.022+0000][1.190s] Compressed class space mapped at: 0x000000b001000000-0x000000b041000000, reserved size: 1073741824
[2026-03-19T20:11:34.022+0000][1.190s] Narrow klass base: 0x000000b000000000, Narrow klass shift: 0, Narrow klass range: 0x100000000
[2026-03-19T20:11:35.290+0000][2.458s] GC(0) Pause Young (Concurrent Start) (Metadata GC Threshold)
[2026-03-19T20:11:35.290+0000][2.458s] GC(0) Using 4 workers of 4 for evacuation
[2026-03-19T20:11:35.300+0000][2.468s] GC(0)   Pre Evacuate Collection Set: 0.80ms
[2026-03-19T20:11:35.300+0000][2.468s] GC(0)   Merge Heap Roots: 0.33ms
[2026-03-19T20:11:35.301+0000][2.469s] GC(0)   Evacuate Collection Set: 6.58ms
[2026-03-19T20:11:35.301+0000][2.469s] GC(0)   Post Evacuate Collection Set: 1.35ms
[2026-03-19T20:11:35.301+0000][2.469s] GC(0)   Other: 0.67ms
[2026-03-19T20:11:35.302+0000][2.470s] GC(0) Eden regions: 44->0(68)
[2026-03-19T20:11:35.302+0000][2.470s] GC(0) Survivor regions: 0->8(10)
[2026-03-19T20:11:35.302+0000][2.470s] GC(0) Old regions: 1->1
[2026-03-19T20:11:35.302+0000][2.470s] GC(0) Humongous regions: 4->4
[2026-03-19T20:11:35.302+0000][2.470s] GC(0) Metaspace: 21197K(21504K)->21197K(21504K) NonClass: 18721K(18880K)->18721K(18880K) Class: 2476K(2624K)->2476K(2624K)
[2026-03-19T20:11:35.302+0000][2.470s] GC(0) Pause Young (Concurrent Start) (Metadata GC Threshold) 95M->23M(3074M) 12.676ms
[2026-03-19T20:11:35.302+0000][2.470s] GC(0) User=0.04s Sys=0.00s Real=0.02s
[2026-03-19T20:11:35.302+0000][2.471s] GC(1) Concurrent Mark Cycle
[2026-03-19T20:11:35.303+0000][2.471s] GC(1) Concurrent Scan Root Regions
[2026-03-19T20:11:35.309+0000][2.477s] GC(1) Concurrent Scan Root Regions 6.117ms
[2026-03-19T20:11:35.310+0000][2.478s] GC(1) Concurrent Mark
[2026-03-19T20:11:35.311+0000][2.479s] GC(1) Concurrent Mark From Roots
[2026-03-19T20:11:35.311+0000][2.479s] GC(1) Using 2 workers of 2 for marking
[2026-03-19T20:11:35.314+0000][2.482s] GC(1) Concurrent Mark From Roots 2.863ms
[2026-03-19T20:11:35.315+0000][2.483s] GC(1) Concurrent Preclean
[2026-03-19T20:11:35.315+0000][2.483s] GC(1) Concurrent Preclean 0.434ms
[2026-03-19T20:11:35.317+0000][2.485s] GC(1) Pause Remark
[2026-03-19T20:11:35.320+0000][2.488s] GC(1) Pause Remark 25M->25M(3072M) 2.710ms
[2026-03-19T20:11:35.320+0000][2.488s] GC(1) User=0.01s Sys=0.00s Real=0.01s
[2026-03-19T20:11:35.320+0000][2.488s] GC(1) Concurrent Mark 9.564ms
[2026-03-19T20:11:35.320+0000][2.488s] GC(1) Concurrent Rebuild Remembered Sets and Scrub Regions
[2026-03-19T20:11:35.322+0000][2.490s] GC(1) Concurrent Rebuild Remembered Sets and Scrub Regions 2.028ms
[2026-03-19T20:11:35.324+0000][2.492s] GC(1) Pause Cleanup
[2026-03-19T20:11:35.324+0000][2.493s] GC(1) Pause Cleanup 25M->25M(3072M) 0.675ms
[2026-03-19T20:11:35.325+0000][2.493s] GC(1) User=0.00s Sys=0.00s Real=0.00s
[2026-03-19T20:11:35.325+0000][2.493s] GC(1) Concurrent Clear Claimed Marks
[2026-03-19T20:11:35.326+0000][2.494s] GC(1) Concurrent Clear Claimed Marks 0.489ms
[2026-03-19T20:11:35.327+0000][2.495s] GC(1) Concurrent Cleanup for Next Mark
[2026-03-19T20:11:35.330+0000][2.499s] GC(1) Concurrent Cleanup for Next Mark 3.466ms
[2026-03-19T20:11:35.331+0000][2.499s] GC(1) Concurrent Mark Cycle 28.519ms
[2026-03-19T20:11:36.292+0000][3.460s] GC(2) Pause Young (Prepare Mixed) (Metadata GC Threshold)
[2026-03-19T20:11:36.292+0000][3.460s] GC(2) Using 4 workers of 4 for evacuation
[2026-03-19T20:11:36.303+0000][3.471s] GC(2)   Pre Evacuate Collection Set: 0.47ms
[2026-03-19T20:11:36.303+0000][3.471s] GC(2)   Merge Heap Roots: 0.11ms
[2026-03-19T20:11:36.303+0000][3.471s] GC(2)   Evacuate Collection Set: 8.61ms
[2026-03-19T20:11:36.303+0000][3.471s] GC(2)   Post Evacuate Collection Set: 1.33ms
[2026-03-19T20:11:36.303+0000][3.471s] GC(2)   Other: 0.15ms
[2026-03-19T20:11:36.303+0000][3.471s] GC(2) Eden regions: 37->0(73)
[2026-03-19T20:11:36.303+0000][3.471s] GC(2) Survivor regions: 8->3(10)
[2026-03-19T20:11:36.303+0000][3.471s] GC(2) Old regions: 1->9
[2026-03-19T20:11:36.303+0000][3.471s] GC(2) Humongous regions: 4->4
[2026-03-19T20:11:36.303+0000][3.471s] GC(2) Metaspace: 35660K(36096K)->35660K(36096K) NonClass: 31345K(31552K)->31345K(31552K) Class: 4315K(4544K)->4315K(4544K)
[2026-03-19T20:11:36.303+0000][3.471s] GC(2) Pause Young (Prepare Mixed) (Metadata GC Threshold) 96M->29M(3072M) 11.293ms
[2026-03-19T20:11:36.303+0000][3.471s] GC(2) User=0.04s Sys=0.01s Real=0.01s
[2026-03-19T20:11:36.324+0000][3.492s] GC(3) Pause Young (Mixed) (Metadata GC Threshold)
[2026-03-19T20:11:36.324+0000][3.492s] GC(3) Using 4 workers of 4 for evacuation
[2026-03-19T20:11:36.329+0000][3.497s] GC(3)   Pre Evacuate Collection Set: 0.22ms
[2026-03-19T20:11:36.329+0000][3.497s] GC(3)   Merge Heap Roots: 0.08ms
[2026-03-19T20:11:36.329+0000][3.497s] GC(3)   Evacuate Collection Set: 3.80ms
[2026-03-19T20:11:36.329+0000][3.497s] GC(3)   Post Evacuate Collection Set: 0.63ms
[2026-03-19T20:11:36.329+0000][3.497s] GC(3)   Other: 0.17ms
[2026-03-19T20:11:36.329+0000][3.497s] GC(3) Eden regions: 2->0(73)
[2026-03-19T20:11:36.329+0000][3.497s] GC(3) Survivor regions: 3->3(10)
[2026-03-19T20:11:36.329+0000][3.497s] GC(3) Old regions: 9->8
[2026-03-19T20:11:36.329+0000][3.498s] GC(3) Humongous regions: 4->4
[2026-03-19T20:11:36.329+0000][3.498s] GC(3) Metaspace: 35971K(36416K)->35971K(36416K) NonClass: 31595K(31808K)->31595K(31808K) Class: 4376K(4608K)->4376K(4608K)
[2026-03-19T20:11:36.330+0000][3.498s] GC(3) Pause Young (Mixed) (Metadata GC Threshold) 31M->29M(3072M) 5.700ms
[2026-03-19T20:11:36.330+0000][3.498s] GC(3) User=0.01s Sys=0.00s Real=0.01s
[2026-03-19T20:11:36.341+0000][3.509s] GC(4) Pause Young (Concurrent Start) (Metadata GC Threshold)
[2026-03-19T20:11:36.341+0000][3.509s] GC(4) Using 4 workers of 4 for evacuation
[2026-03-19T20:11:36.344+0000][3.512s] GC(4)   Pre Evacuate Collection Set: 0.25ms
[2026-03-19T20:11:36.344+0000][3.512s] GC(4)   Merge Heap Roots: 0.07ms
[2026-03-19T20:11:36.344+0000][3.512s] GC(4)   Evacuate Collection Set: 1.99ms
[2026-03-19T20:11:36.344+0000][3.512s] GC(4)   Post Evacuate Collection Set: 0.62ms
[2026-03-19T20:11:36.344+0000][3.513s] GC(4)   Other: 0.14ms
[2026-03-19T20:11:36.344+0000][3.513s] GC(4) Eden regions: 2->0(73)
[2026-03-19T20:11:36.345+0000][3.513s] GC(4) Survivor regions: 3->3(10)
[2026-03-19T20:11:36.345+0000][3.513s] GC(4) Old regions: 8->8
[2026-03-19T20:11:36.345+0000][3.513s] GC(4) Humongous regions: 4->4
[2026-03-19T20:11:36.345+0000][3.513s] GC(4) Metaspace: 36265K(36736K)->36265K(36736K) NonClass: 31856K(32064K)->31856K(32064K) Class: 4409K(4672K)->4409K(4672K)
[2026-03-19T20:11:36.345+0000][3.513s] GC(4) Pause Young (Concurrent Start) (Metadata GC Threshold) 32M->29M(3072M) 3.774ms
[2026-03-19T20:11:36.345+0000][3.513s] GC(4) User=0.01s Sys=0.00s Real=0.00s
[2026-03-19T20:11:36.345+0000][3.513s] GC(5) Concurrent Mark Cycle
[2026-03-19T20:11:36.345+0000][3.513s] GC(5) Concurrent Scan Root Regions
[2026-03-19T20:11:36.347+0000][3.515s] GC(5) Concurrent Scan Root Regions 2.263ms
[2026-03-19T20:11:36.347+0000][3.515s] GC(5) Concurrent Mark
[2026-03-19T20:11:36.347+0000][3.516s] GC(5) Concurrent Mark From Roots
[2026-03-19T20:11:36.348+0000][3.516s] GC(5) Using 2 workers of 2 for marking
[2026-03-19T20:11:36.352+0000][3.521s] GC(5) Concurrent Mark From Roots 5.006ms
[2026-03-19T20:11:36.353+0000][3.521s] GC(5) Concurrent Preclean
[2026-03-19T20:11:36.353+0000][3.521s] GC(5) Concurrent Preclean 0.194ms
[2026-03-19T20:11:36.354+0000][3.522s] GC(5) Pause Remark
[2026-03-19T20:11:36.356+0000][3.525s] GC(5) Pause Remark 32M->32M(3072M) 2.728ms
[2026-03-19T20:11:36.357+0000][3.525s] GC(5) User=0.00s Sys=0.00s Real=0.00s
[2026-03-19T20:11:36.357+0000][3.525s] GC(5) Concurrent Mark 9.398ms
[2026-03-19T20:11:36.357+0000][3.525s] GC(5) Concurrent Rebuild Remembered Sets and Scrub Regions
[2026-03-19T20:11:36.361+0000][3.529s] GC(5) Concurrent Rebuild Remembered Sets and Scrub Regions 3.912ms
[2026-03-19T20:11:36.367+0000][3.535s] GC(5) Pause Cleanup
[2026-03-19T20:11:36.367+0000][3.535s] GC(5) Pause Cleanup 35M->35M(3072M) 0.287ms
[2026-03-19T20:11:36.367+0000][3.535s] GC(5) User=0.00s Sys=0.00s Real=0.00s
[2026-03-19T20:11:36.367+0000][3.535s] GC(5) Concurrent Clear Claimed Marks
[2026-03-19T20:11:36.367+0000][3.535s] GC(5) Concurrent Clear Claimed Marks 0.083ms
[2026-03-19T20:11:36.367+0000][3.535s] GC(5) Concurrent Cleanup for Next Mark
[2026-03-19T20:11:36.368+0000][3.536s] GC(5) Concurrent Cleanup for Next Mark 0.840ms
[2026-03-19T20:11:36.368+0000][3.536s] GC(5) Concurrent Mark Cycle 23.462ms
[2026-03-19T20:11:37.081+0000][4.249s] GC(6) Pause Young (Prepare Mixed) (G1 Evacuation Pause)
[2026-03-19T20:11:37.081+0000][4.249s] GC(6) Using 4 workers of 4 for evacuation
[2026-03-19T20:11:37.085+0000][4.253s] GC(6)   Pre Evacuate Collection Set: 0.24ms
[2026-03-19T20:11:37.085+0000][4.253s] GC(6)   Merge Heap Roots: 0.08ms
[2026-03-19T20:11:37.085+0000][4.253s] GC(6)   Evacuate Collection Set: 2.81ms
[2026-03-19T20:11:37.085+0000][4.253s] GC(6)   Post Evacuate Collection Set: 0.76ms
[2026-03-19T20:11:37.085+0000][4.253s] GC(6)   Other: 0.11ms
[2026-03-19T20:11:37.085+0000][4.253s] GC(6) Eden regions: 73->0(117)
[2026-03-19T20:11:37.085+0000][4.253s] GC(6) Survivor regions: 3->5(10)
[2026-03-19T20:11:37.085+0000][4.253s] GC(6) Old regions: 8->8
[2026-03-19T20:11:37.085+0000][4.253s] GC(6) Humongous regions: 4->4
[2026-03-19T20:11:37.085+0000][4.254s] GC(6) Metaspace: 46991K(47552K)->46991K(47552K) NonClass: 41208K(41536K)->41208K(41536K) Class: 5782K(6016K)->5782K(6016K)
[2026-03-19T20:11:37.085+0000][4.254s] GC(6) Pause Young (Prepare Mixed) (G1 Evacuation Pause) 175M->32M(3072M) 4.588ms
[2026-03-19T20:11:37.086+0000][4.254s] GC(6) User=0.01s Sys=0.00s Real=0.00s
[2026-03-19T20:12:09.235+0000][36.403s] GC(7) Pause Young (Mixed) (G1 Evacuation Pause)
[2026-03-19T20:12:09.235+0000][36.403s] GC(7) Using 4 workers of 4 for evacuation
[2026-03-19T20:12:09.244+0000][36.413s] GC(7)   Pre Evacuate Collection Set: 0.48ms
[2026-03-19T20:12:09.244+0000][36.413s] GC(7)   Merge Heap Roots: 0.07ms
[2026-03-19T20:12:09.245+0000][36.413s] GC(7)   Evacuate Collection Set: 7.56ms
[2026-03-19T20:12:09.245+0000][36.413s] GC(7)   Post Evacuate Collection Set: 0.85ms
[2026-03-19T20:12:09.245+0000][36.413s] GC(7)   Other: 0.13ms
[2026-03-19T20:12:09.245+0000][36.413s] GC(7) Eden regions: 112->0(154)
[2026-03-19T20:12:09.245+0000][36.413s] GC(7) Survivor regions: 5->6(15)
[2026-03-19T20:12:09.245+0000][36.413s] GC(7) Old regions: 8->8
[2026-03-19T20:12:09.245+0000][36.413s] GC(7) Humongous regions: 4->4
[2026-03-19T20:12:09.245+0000][36.413s] GC(7) Metaspace: 54728K(55360K)->54728K(55360K) NonClass: 48001K(48384K)->48001K(48384K) Class: 6727K(6976K)->6727K(6976K)
[2026-03-19T20:12:09.245+0000][36.413s] GC(7) Pause Young (Mixed) (G1 Evacuation Pause) 256M->35M(3072M) 9.783ms
[2026-03-19T20:12:09.245+0000][36.413s] GC(7) User=0.03s Sys=0.00s Real=0.01s
[2026-03-19T20:16:27.632+0000][294.800s] GC(8) Pause Young (Normal) (G1 Evacuation Pause)
[2026-03-19T20:16:27.633+0000][294.801s] GC(8) Using 4 workers of 4 for evacuation
[2026-03-19T20:16:27.657+0000][294.825s] GC(8)   Pre Evacuate Collection Set: 1.19ms
[2026-03-19T20:16:27.658+0000][294.826s] GC(8)   Merge Heap Roots: 0.17ms
[2026-03-19T20:16:27.658+0000][294.826s] GC(8)   Evacuate Collection Set: 21.76ms
[2026-03-19T20:16:27.658+0000][294.826s] GC(8)   Post Evacuate Collection Set: 1.38ms
[2026-03-19T20:16:27.658+0000][294.826s] GC(8)   Other: 0.19ms
[2026-03-19T20:16:27.658+0000][294.826s] GC(8) Eden regions: 151->0(265)
[2026-03-19T20:16:27.658+0000][294.826s] GC(8) Survivor regions: 6->8(20)
[2026-03-19T20:16:27.658+0000][294.826s] GC(8) Old regions: 8->8
[2026-03-19T20:16:27.658+0000][294.826s] GC(8) Humongous regions: 4->4
[2026-03-19T20:16:27.658+0000][294.826s] GC(8) Metaspace: 59857K(60544K)->59857K(60544K) NonClass: 52576K(52992K)->52576K(52992K) Class: 7280K(7552K)->7280K(7552K)
[2026-03-19T20:16:27.658+0000][294.826s] GC(8) Pause Young (Normal) (G1 Evacuation Pause) 337M->38M(3072M) 25.788ms
[2026-03-19T20:16:27.658+0000][294.826s] GC(8) User=0.09s Sys=0.00s Real=0.02s
[2026-03-19T20:24:50.223+0000][797.390s] GC(9) Pause Young (Normal) (G1 Evacuation Pause)
[2026-03-19T20:24:50.224+0000][797.390s] GC(9) Using 4 workers of 4 for evacuation
[2026-03-19T20:24:50.273+0000][797.440s] GC(9)   Pre Evacuate Collection Set: 1.79ms
[2026-03-19T20:24:50.273+0000][797.440s] GC(9)   Merge Heap Roots: 0.30ms
[2026-03-19T20:24:50.273+0000][797.440s] GC(9)   Evacuate Collection Set: 44.74ms
[2026-03-19T20:24:50.273+0000][797.440s] GC(9)   Post Evacuate Collection Set: 2.47ms
[2026-03-19T20:24:50.274+0000][797.440s] GC(9)   Other: 0.38ms
[2026-03-19T20:24:50.274+0000][797.440s] GC(9) Eden regions: 261->0(545)
[2026-03-19T20:24:50.274+0000][797.440s] GC(9) Survivor regions: 8->8(34)
[2026-03-19T20:24:50.274+0000][797.440s] GC(9) Old regions: 8->8
[2026-03-19T20:24:50.274+0000][797.440s] GC(9) Humongous regions: 4->4
[2026-03-19T20:24:50.274+0000][797.440s] GC(9) Metaspace: 60293K(60928K)->60293K(60928K) NonClass: 52999K(53376K)->52999K(53376K) Class: 7294K(7552K)->7294K(7552K)
[2026-03-19T20:24:50.274+0000][797.440s] GC(9) Pause Young (Normal) (G1 Evacuation Pause) 560M->39M(3072M) 50.436ms
[2026-03-19T20:24:50.274+0000][797.440s] GC(9) User=0.17s Sys=0.00s Real=0.05s
[2026-03-19T20:42:21.417+0000][1848.578s] GC(10) Pause Young (Normal) (G1 Evacuation Pause)
[2026-03-19T20:42:21.418+0000][1848.579s] GC(10) Using 4 workers of 4 for evacuation
[2026-03-19T20:42:21.610+0000][1848.770s] GC(10)   Pre Evacuate Collection Set: 1.59ms
[2026-03-19T20:42:21.610+0000][1848.770s] GC(10)   Merge Heap Roots: 0.27ms
[2026-03-19T20:42:21.610+0000][1848.770s] GC(10)   Evacuate Collection Set: 184.48ms
[2026-03-19T20:42:21.610+0000][1848.770s] GC(10)   Post Evacuate Collection Set: 4.77ms
[2026-03-19T20:42:21.610+0000][1848.770s] GC(10)   Other: 0.54ms
[2026-03-19T20:42:21.610+0000][1848.771s] GC(10) Eden regions: 543->0(531)
[2026-03-19T20:42:21.610+0000][1848.771s] GC(10) Survivor regions: 8->10(69)
[2026-03-19T20:42:21.610+0000][1848.771s] GC(10) Old regions: 8->8
[2026-03-19T20:42:21.610+0000][1848.771s] GC(10) Humongous regions: 4->4
[2026-03-19T20:42:21.610+0000][1848.771s] GC(10) Metaspace: 60585K(61312K)->60585K(61312K) NonClass: 53290K(53696K)->53290K(53696K) Class: 7295K(7616K)->7295K(7616K)
[2026-03-19T20:42:21.610+0000][1848.771s] GC(10) Pause Young (Normal) (G1 Evacuation Pause) 1125M->43M(3072M) 192.845ms
[2026-03-19T20:42:21.610+0000][1848.771s] GC(10) User=0.62s Sys=0.03s Real=0.19s
[2026-03-19T20:48:58.512+0000][2245.671s] GC(11) Pause Young (Concurrent Start) (Metadata GC Threshold)
[2026-03-19T20:48:58.513+0000][2245.672s] GC(11) Using 4 workers of 4 for evacuation
[2026-03-19T20:48:58.565+0000][2245.724s] GC(11)   Pre Evacuate Collection Set: 1.33ms
[2026-03-19T20:48:58.565+0000][2245.724s] GC(11)   Merge Heap Roots: 0.13ms
[2026-03-19T20:48:58.565+0000][2245.724s] GC(11)   Evacuate Collection Set: 46.96ms
[2026-03-19T20:48:58.565+0000][2245.724s] GC(11)   Post Evacuate Collection Set: 3.27ms
[2026-03-19T20:48:58.565+0000][2245.724s] GC(11)   Other: 0.31ms
[2026-03-19T20:48:58.565+0000][2245.724s] GC(11) Eden regions: 217->0(913)
[2026-03-19T20:48:58.565+0000][2245.724s] GC(11) Survivor regions: 10->8(68)
[2026-03-19T20:48:58.565+0000][2245.724s] GC(11) Old regions: 8->8
[2026-03-19T20:48:58.565+0000][2245.724s] GC(11) Humongous regions: 4->4
[2026-03-19T20:48:58.565+0000][2245.724s] GC(11) Metaspace: 60965K(61696K)->60965K(61696K) NonClass: 53595K(53952K)->53595K(53952K) Class: 7370K(7744K)->7370K(7744K)
[2026-03-19T20:48:58.565+0000][2245.724s] GC(11) Pause Young (Concurrent Start) (Metadata GC Threshold) 476M->39M(3072M) 53.541ms
[2026-03-19T20:48:58.566+0000][2245.724s] GC(12) Concurrent Mark Cycle
[2026-03-19T20:48:58.566+0000][2245.725s] GC(12) Concurrent Scan Root Regions
[2026-03-19T20:48:58.566+0000][2245.725s] GC(11) User=0.19s Sys=0.00s Real=0.05s
[2026-03-19T20:48:58.572+0000][2245.731s] GC(12) Concurrent Scan Root Regions 6.862ms
[2026-03-19T20:48:58.573+0000][2245.732s] GC(12) Concurrent Mark
[2026-03-19T20:48:58.573+0000][2245.732s] GC(12) Concurrent Mark From Roots
[2026-03-19T20:48:58.573+0000][2245.732s] GC(12) Using 2 workers of 2 for marking
[2026-03-19T20:48:58.577+0000][2245.736s] GC(12) Concurrent Mark From Roots 4.563ms
[2026-03-19T20:48:58.577+0000][2245.736s] GC(12) Concurrent Preclean
[2026-03-19T20:48:58.578+0000][2245.736s] GC(12) Concurrent Preclean 0.119ms
[2026-03-19T20:48:58.578+0000][2245.737s] GC(12) Pause Remark
[2026-03-19T20:48:58.587+0000][2245.745s] GC(12) Pause Remark 48M->48M(3072M) 8.783ms
[2026-03-19T20:48:58.587+0000][2245.746s] GC(12) User=0.03s Sys=0.00s Real=0.01s
[2026-03-19T20:48:58.588+0000][2245.747s] GC(12) Concurrent Mark 15.204ms
[2026-03-19T20:48:58.588+0000][2245.747s] GC(12) Concurrent Rebuild Remembered Sets and Scrub Regions
[2026-03-19T20:48:58.591+0000][2245.750s] GC(12) Concurrent Rebuild Remembered Sets and Scrub Regions 3.072ms
[2026-03-19T20:48:58.592+0000][2245.751s] GC(12) Pause Cleanup
[2026-03-19T20:48:58.592+0000][2245.751s] GC(12) Pause Cleanup 48M->48M(3072M) 0.293ms
[2026-03-19T20:48:58.592+0000][2245.751s] GC(12) User=0.00s Sys=0.00s Real=0.00s
[2026-03-19T20:48:58.592+0000][2245.751s] GC(12) Concurrent Clear Claimed Marks
[2026-03-19T20:48:58.593+0000][2245.752s] GC(12) Concurrent Clear Claimed Marks 0.101ms
[2026-03-19T20:48:58.593+0000][2245.752s] GC(12) Concurrent Cleanup for Next Mark
[2026-03-19T20:48:58.600+0000][2245.759s] GC(12) Concurrent Cleanup for Next Mark 7.624ms
[2026-03-19T20:48:58.600+0000][2245.759s] GC(12) Concurrent Mark Cycle 34.933ms
[2026-03-19T20:48:58.606+0000][2245.765s] Heap
[2026-03-19T20:48:58.606+0000][2245.765s]  garbage-first heap   total 3145728K, used 68003K [0x0000000700000000, 0x0000000800000000)
[2026-03-19T20:48:58.607+0000][2245.766s]   region size 2048K, 22 young (45056K), 8 survivors (16384K)
[2026-03-19T20:48:58.607+0000][2245.766s]  Metaspace       used 61061K, committed 61760K, reserved 1114112K
[2026-03-19T20:48:58.607+0000][2245.766s]   class space    used 7403K, committed 7744K, reserved 1048576K
