[2026-03-19T21:23:18.859+0000][0.011s] CardTable entry size: 512
[2026-03-19T21:23:18.859+0000][0.011s] Using G1
[2026-03-19T21:23:19.540+0000][0.692s] Version: 21.0.10+7-LTS (release)
[2026-03-19T21:23:19.540+0000][0.692s] CPUs: 11 total, 4 available
[2026-03-19T21:23:19.540+0000][0.692s] Memory: 6144M
[2026-03-19T21:23:19.540+0000][0.692s] Large Page Support: Disabled
[2026-03-19T21:23:19.541+0000][0.692s] NUMA Support: Disabled
[2026-03-19T21:23:19.541+0000][0.692s] Compressed Oops: Enabled (Zero based)
[2026-03-19T21:23:19.541+0000][0.692s] Heap Region Size: 2M
[2026-03-19T21:23:19.541+0000][0.692s] Heap Min Capacity: 3G
[2026-03-19T21:23:19.541+0000][0.693s] Heap Initial Capacity: 3G
[2026-03-19T21:23:19.541+0000][0.693s] Heap Max Capacity: 4G
[2026-03-19T21:23:19.542+0000][0.694s] Pre-touch: Enabled
[2026-03-19T21:23:19.542+0000][0.694s] Parallel Workers: 4
[2026-03-19T21:23:19.543+0000][0.694s] Concurrent Workers: 2
[2026-03-19T21:23:19.543+0000][0.695s] Concurrent Refinement Workers: 4
[2026-03-19T21:23:19.543+0000][0.695s] Periodic GC: Disabled
[2026-03-19T21:23:19.559+0000][0.711s] CDS archive(s) mapped at: [0x0000002000000000-0x0000002000bb0000-0x0000002000bb0000), size 12255232, SharedBaseAddress: 0x0000002000000000, ArchiveRelocationMode: 1.
[2026-03-19T21:23:19.559+0000][0.711s] Compressed class space mapped at: 0x0000002001000000-0x0000002041000000, reserved size: 1073741824
[2026-03-19T21:23:19.559+0000][0.711s] Narrow klass base: 0x0000002000000000, Narrow klass shift: 0, Narrow klass range: 0x100000000
[2026-03-19T21:23:20.566+0000][1.718s] GC(0) Pause Young (Concurrent Start) (Metadata GC Threshold)
[2026-03-19T21:23:20.566+0000][1.718s] GC(0) Using 4 workers of 4 for evacuation
[2026-03-19T21:23:20.570+0000][1.722s] GC(0)   Pre Evacuate Collection Set: 0.20ms
[2026-03-19T21:23:20.570+0000][1.722s] GC(0)   Merge Heap Roots: 0.13ms
[2026-03-19T21:23:20.570+0000][1.722s] GC(0)   Evacuate Collection Set: 2.70ms
[2026-03-19T21:23:20.570+0000][1.722s] GC(0)   Post Evacuate Collection Set: 0.52ms
[2026-03-19T21:23:20.570+0000][1.722s] GC(0)   Other: 0.17ms
[2026-03-19T21:23:20.570+0000][1.722s] GC(0) Eden regions: 43->0(68)
[2026-03-19T21:23:20.570+0000][1.722s] GC(0) Survivor regions: 0->8(10)
[2026-03-19T21:23:20.570+0000][1.722s] GC(0) Old regions: 1->1
[2026-03-19T21:23:20.570+0000][1.722s] GC(0) Humongous regions: 4->4
[2026-03-19T21:23:20.570+0000][1.722s] GC(0) Metaspace: 21210K(21504K)->21210K(21504K) NonClass: 18732K(18880K)->18732K(18880K) Class: 2477K(2624K)->2477K(2624K)
[2026-03-19T21:23:20.570+0000][1.722s] GC(0) Pause Young (Concurrent Start) (Metadata GC Threshold) 94M->23M(3074M) 4.209ms
[2026-03-19T21:23:20.570+0000][1.722s] GC(0) User=0.01s Sys=0.00s Real=0.00s
[2026-03-19T21:23:20.570+0000][1.722s] GC(1) Concurrent Mark Cycle
[2026-03-19T21:23:20.570+0000][1.722s] GC(1) Concurrent Scan Root Regions
[2026-03-19T21:23:20.572+0000][1.724s] GC(1) Concurrent Scan Root Regions 1.781ms
[2026-03-19T21:23:20.572+0000][1.724s] GC(1) Concurrent Mark
[2026-03-19T21:23:20.572+0000][1.724s] GC(1) Concurrent Mark From Roots
[2026-03-19T21:23:20.572+0000][1.724s] GC(1) Using 2 workers of 2 for marking
[2026-03-19T21:23:20.574+0000][1.725s] GC(1) Concurrent Mark From Roots 1.222ms
[2026-03-19T21:23:20.574+0000][1.725s] GC(1) Concurrent Preclean
[2026-03-19T21:23:20.574+0000][1.725s] GC(1) Concurrent Preclean 0.102ms
[2026-03-19T21:23:20.574+0000][1.726s] GC(1) Pause Remark
[2026-03-19T21:23:20.575+0000][1.727s] GC(1) Pause Remark 24M->24M(3072M) 1.620ms
[2026-03-19T21:23:20.576+0000][1.727s] GC(1) User=0.01s Sys=0.00s Real=0.00s
[2026-03-19T21:23:20.576+0000][1.727s] GC(1) Concurrent Mark 3.357ms
[2026-03-19T21:23:20.576+0000][1.727s] GC(1) Concurrent Rebuild Remembered Sets and Scrub Regions
[2026-03-19T21:23:20.576+0000][1.728s] GC(1) Concurrent Rebuild Remembered Sets and Scrub Regions 0.417ms
[2026-03-19T21:23:20.576+0000][1.728s] GC(1) Pause Cleanup
[2026-03-19T21:23:20.577+0000][1.728s] GC(1) Pause Cleanup 24M->24M(3072M) 0.198ms
[2026-03-19T21:23:20.577+0000][1.728s] GC(1) User=0.00s Sys=0.00s Real=0.00s
[2026-03-19T21:23:20.577+0000][1.728s] GC(1) Concurrent Clear Claimed Marks
[2026-03-19T21:23:20.577+0000][1.729s] GC(1) Concurrent Clear Claimed Marks 0.118ms
[2026-03-19T21:23:20.577+0000][1.729s] GC(1) Concurrent Cleanup for Next Mark
[2026-03-19T21:23:20.578+0000][1.729s] GC(1) Concurrent Cleanup for Next Mark 0.751ms
[2026-03-19T21:23:20.578+0000][1.729s] GC(1) Concurrent Mark Cycle 7.507ms
[2026-03-19T21:23:20.984+0000][2.136s] GC(2) Pause Young (Prepare Mixed) (Metadata GC Threshold)
[2026-03-19T21:23:20.984+0000][2.136s] GC(2) Using 4 workers of 4 for evacuation
[2026-03-19T21:23:20.989+0000][2.141s] GC(2)   Pre Evacuate Collection Set: 0.14ms
[2026-03-19T21:23:20.989+0000][2.141s] GC(2)   Merge Heap Roots: 0.04ms
[2026-03-19T21:23:20.989+0000][2.141s] GC(2)   Evacuate Collection Set: 3.84ms
[2026-03-19T21:23:20.989+0000][2.141s] GC(2)   Post Evacuate Collection Set: 0.57ms
[2026-03-19T21:23:20.989+0000][2.141s] GC(2)   Other: 0.13ms
[2026-03-19T21:23:20.989+0000][2.141s] GC(2) Eden regions: 37->0(73)
[2026-03-19T21:23:20.989+0000][2.141s] GC(2) Survivor regions: 8->3(10)
[2026-03-19T21:23:20.989+0000][2.141s] GC(2) Old regions: 1->9
[2026-03-19T21:23:20.989+0000][2.141s] GC(2) Humongous regions: 4->4
[2026-03-19T21:23:20.989+0000][2.141s] GC(2) Metaspace: 35574K(35968K)->35574K(35968K) NonClass: 31266K(31488K)->31266K(31488K) Class: 4308K(4480K)->4308K(4480K)
[2026-03-19T21:23:20.989+0000][2.141s] GC(2) Pause Young (Prepare Mixed) (Metadata GC Threshold) 96M->29M(3072M) 5.271ms
[2026-03-19T21:23:20.989+0000][2.141s] GC(2) User=0.02s Sys=0.00s Real=0.00s
[2026-03-19T21:23:20.996+0000][2.148s] GC(3) Pause Young (Mixed) (Metadata GC Threshold)
[2026-03-19T21:23:20.997+0000][2.148s] GC(3) Using 4 workers of 4 for evacuation
[2026-03-19T21:23:20.999+0000][2.151s] GC(3)   Pre Evacuate Collection Set: 0.17ms
[2026-03-19T21:23:20.999+0000][2.151s] GC(3)   Merge Heap Roots: 0.05ms
[2026-03-19T21:23:21.000+0000][2.151s] GC(3)   Evacuate Collection Set: 2.11ms
[2026-03-19T21:23:21.000+0000][2.151s] GC(3)   Post Evacuate Collection Set: 0.38ms
[2026-03-19T21:23:21.000+0000][2.151s] GC(3)   Other: 0.08ms
[2026-03-19T21:23:21.000+0000][2.151s] GC(3) Eden regions: 1->0(73)
[2026-03-19T21:23:21.000+0000][2.151s] GC(3) Survivor regions: 3->3(10)
[2026-03-19T21:23:21.000+0000][2.151s] GC(3) Old regions: 9->8
[2026-03-19T21:23:21.000+0000][2.151s] GC(3) Humongous regions: 4->4
[2026-03-19T21:23:21.000+0000][2.151s] GC(3) Metaspace: 35842K(36288K)->35842K(36288K) NonClass: 31496K(31744K)->31496K(31744K) Class: 4345K(4544K)->4345K(4544K)
[2026-03-19T21:23:21.000+0000][2.151s] GC(3) Pause Young (Mixed) (Metadata GC Threshold) 30M->29M(3072M) 3.300ms
[2026-03-19T21:23:21.000+0000][2.151s] GC(3) User=0.01s Sys=0.00s Real=0.00s
[2026-03-19T21:23:21.007+0000][2.159s] GC(4) Pause Young (Concurrent Start) (Metadata GC Threshold)
[2026-03-19T21:23:21.008+0000][2.159s] GC(4) Using 4 workers of 4 for evacuation
[2026-03-19T21:23:21.010+0000][2.162s] GC(4)   Pre Evacuate Collection Set: 0.23ms
[2026-03-19T21:23:21.010+0000][2.162s] GC(4)   Merge Heap Roots: 0.07ms
[2026-03-19T21:23:21.010+0000][2.162s] GC(4)   Evacuate Collection Set: 1.62ms
[2026-03-19T21:23:21.010+0000][2.162s] GC(4)   Post Evacuate Collection Set: 0.34ms
[2026-03-19T21:23:21.010+0000][2.162s] GC(4)   Other: 0.17ms
[2026-03-19T21:23:21.010+0000][2.162s] GC(4) Eden regions: 2->0(73)
[2026-03-19T21:23:21.010+0000][2.162s] GC(4) Survivor regions: 3->3(10)
[2026-03-19T21:23:21.010+0000][2.162s] GC(4) Old regions: 8->8
[2026-03-19T21:23:21.010+0000][2.162s] GC(4) Humongous regions: 4->4
[2026-03-19T21:23:21.010+0000][2.162s] GC(4) Metaspace: 36140K(36608K)->36140K(36608K) NonClass: 31748K(32000K)->31748K(32000K) Class: 4392K(4608K)->4392K(4608K)
[2026-03-19T21:23:21.010+0000][2.162s] GC(4) Pause Young (Concurrent Start) (Metadata GC Threshold) 32M->29M(3072M) 2.926ms
[2026-03-19T21:23:21.010+0000][2.162s] GC(4) User=0.01s Sys=0.00s Real=0.01s
[2026-03-19T21:23:21.010+0000][2.162s] GC(5) Concurrent Mark Cycle
[2026-03-19T21:23:21.011+0000][2.162s] GC(5) Concurrent Scan Root Regions
[2026-03-19T21:23:21.012+0000][2.164s] GC(5) Concurrent Scan Root Regions 1.301ms
[2026-03-19T21:23:21.012+0000][2.164s] GC(5) Concurrent Mark
[2026-03-19T21:23:21.012+0000][2.164s] GC(5) Concurrent Mark From Roots
[2026-03-19T21:23:21.012+0000][2.164s] GC(5) Using 2 workers of 2 for marking
[2026-03-19T21:23:21.015+0000][2.167s] GC(5) Concurrent Mark From Roots 3.147ms
[2026-03-19T21:23:21.015+0000][2.167s] GC(5) Concurrent Preclean
[2026-03-19T21:23:21.015+0000][2.167s] GC(5) Concurrent Preclean 0.077ms
[2026-03-19T21:23:21.015+0000][2.167s] GC(5) Pause Remark
[2026-03-19T21:23:21.017+0000][2.169s] GC(5) Pause Remark 32M->32M(3072M) 1.638ms
[2026-03-19T21:23:21.017+0000][2.169s] GC(5) User=0.00s Sys=0.00s Real=0.00s
[2026-03-19T21:23:21.017+0000][2.169s] GC(5) Concurrent Mark 5.317ms
[2026-03-19T21:23:21.017+0000][2.169s] GC(5) Concurrent Rebuild Remembered Sets and Scrub Regions
[2026-03-19T21:23:21.020+0000][2.172s] GC(5) Concurrent Rebuild Remembered Sets and Scrub Regions 2.947ms
[2026-03-19T21:23:21.022+0000][2.173s] GC(5) Pause Cleanup
[2026-03-19T21:23:21.022+0000][2.174s] GC(5) Pause Cleanup 32M->32M(3072M) 0.186ms
[2026-03-19T21:23:21.022+0000][2.174s] GC(5) User=0.00s Sys=0.00s Real=0.00s
[2026-03-19T21:23:21.022+0000][2.174s] GC(5) Concurrent Clear Claimed Marks
[2026-03-19T21:23:21.022+0000][2.174s] GC(5) Concurrent Clear Claimed Marks 0.063ms
[2026-03-19T21:23:21.022+0000][2.174s] GC(5) Concurrent Cleanup for Next Mark
[2026-03-19T21:23:21.023+0000][2.174s] GC(5) Concurrent Cleanup for Next Mark 0.657ms
[2026-03-19T21:23:21.023+0000][2.175s] GC(5) Concurrent Mark Cycle 12.386ms
[2026-03-19T21:23:21.474+0000][2.625s] GC(6) Pause Young (Prepare Mixed) (G1 Evacuation Pause)
[2026-03-19T21:23:21.474+0000][2.626s] GC(6) Using 4 workers of 4 for evacuation
[2026-03-19T21:23:21.477+0000][2.629s] GC(6)   Pre Evacuate Collection Set: 0.19ms
[2026-03-19T21:23:21.477+0000][2.629s] GC(6)   Merge Heap Roots: 0.06ms
[2026-03-19T21:23:21.477+0000][2.629s] GC(6)   Evacuate Collection Set: 2.20ms
[2026-03-19T21:23:21.477+0000][2.629s] GC(6)   Post Evacuate Collection Set: 0.50ms
[2026-03-19T21:23:21.477+0000][2.629s] GC(6)   Other: 0.09ms
[2026-03-19T21:23:21.477+0000][2.629s] GC(6) Eden regions: 73->0(114)
[2026-03-19T21:23:21.477+0000][2.629s] GC(6) Survivor regions: 3->5(10)
[2026-03-19T21:23:21.477+0000][2.629s] GC(6) Old regions: 8->8
[2026-03-19T21:23:21.477+0000][2.629s] GC(6) Humongous regions: 4->4
[2026-03-19T21:23:21.477+0000][2.629s] GC(6) Metaspace: 47006K(47616K)->47006K(47616K) NonClass: 41223K(41536K)->41223K(41536K) Class: 5783K(6080K)->5783K(6080K)
[2026-03-19T21:23:21.477+0000][2.629s] GC(6) Pause Young (Prepare Mixed) (G1 Evacuation Pause) 175M->32M(3072M) 3.634ms
[2026-03-19T21:23:21.477+0000][2.629s] GC(6) User=0.01s Sys=0.00s Real=0.00s
[2026-03-19T21:23:50.520+0000][31.671s] GC(7) Pause Young (Mixed) (G1 Evacuation Pause)
[2026-03-19T21:23:50.521+0000][31.671s] GC(7) Using 4 workers of 4 for evacuation
[2026-03-19T21:23:50.549+0000][31.700s] GC(7)   Pre Evacuate Collection Set: 3.89ms
[2026-03-19T21:23:50.550+0000][31.700s] GC(7)   Merge Heap Roots: 0.41ms
[2026-03-19T21:23:50.550+0000][31.700s] GC(7)   Evacuate Collection Set: 21.78ms
[2026-03-19T21:23:50.550+0000][31.700s] GC(7)   Post Evacuate Collection Set: 2.25ms
[2026-03-19T21:23:50.550+0000][31.700s] GC(7)   Other: 0.59ms
[2026-03-19T21:23:50.550+0000][31.700s] GC(7) Eden regions: 111->0(153)
[2026-03-19T21:23:50.550+0000][31.700s] GC(7) Survivor regions: 5->6(15)
[2026-03-19T21:23:50.550+0000][31.700s] GC(7) Old regions: 8->8
[2026-03-19T21:23:50.550+0000][31.700s] GC(7) Humongous regions: 4->4
[2026-03-19T21:23:50.550+0000][31.700s] GC(7) Metaspace: 54234K(54848K)->54234K(54848K) NonClass: 47544K(47872K)->47544K(47872K) Class: 6689K(6976K)->6689K(6976K)
[2026-03-19T21:23:50.550+0000][31.700s] GC(7) Pause Young (Mixed) (G1 Evacuation Pause) 254M->34M(3072M) 29.598ms
[2026-03-19T21:23:50.550+0000][31.700s] GC(7) User=0.09s Sys=0.01s Real=0.03s
[2026-03-19T21:24:30.679+0000][71.829s] GC(8) Pause Young (Concurrent Start) (Metadata GC Threshold)
[2026-03-19T21:24:30.679+0000][71.829s] GC(8) Using 4 workers of 4 for evacuation
[2026-03-19T21:24:30.685+0000][71.835s] GC(8)   Pre Evacuate Collection Set: 0.32ms
[2026-03-19T21:24:30.685+0000][71.836s] GC(8)   Merge Heap Roots: 0.05ms
[2026-03-19T21:24:30.685+0000][71.836s] GC(8)   Evacuate Collection Set: 4.88ms
[2026-03-19T21:24:30.685+0000][71.836s] GC(8)   Post Evacuate Collection Set: 0.66ms
[2026-03-19T21:24:30.685+0000][71.836s] GC(8)   Other: 0.09ms
[2026-03-19T21:24:30.685+0000][71.836s] GC(8) Eden regions: 39->0(151)
[2026-03-19T21:24:30.685+0000][71.836s] GC(8) Survivor regions: 6->8(20)
[2026-03-19T21:24:30.685+0000][71.836s] GC(8) Old regions: 8->8
[2026-03-19T21:24:30.685+0000][71.836s] GC(8) Humongous regions: 4->4
[2026-03-19T21:24:30.685+0000][71.836s] GC(8) Metaspace: 60718K(61440K)->60718K(61440K) NonClass: 53206K(53568K)->53206K(53568K) Class: 7511K(7872K)->7511K(7872K)
[2026-03-19T21:24:30.685+0000][71.836s] GC(8) Pause Young (Concurrent Start) (Metadata GC Threshold) 111M->37M(3072M) 6.426ms
[2026-03-19T21:24:30.685+0000][71.836s] GC(9) Concurrent Mark Cycle
[2026-03-19T21:24:30.685+0000][71.836s] GC(9) Concurrent Scan Root Regions
[2026-03-19T21:24:30.685+0000][71.836s] GC(8) User=0.02s Sys=0.00s Real=0.01s
[2026-03-19T21:24:30.688+0000][71.839s] GC(9) Concurrent Scan Root Regions 2.941ms
[2026-03-19T21:24:30.688+0000][71.839s] GC(9) Concurrent Mark
[2026-03-19T21:24:30.688+0000][71.839s] GC(9) Concurrent Mark From Roots
[2026-03-19T21:24:30.689+0000][71.839s] GC(9) Using 2 workers of 2 for marking
[2026-03-19T21:24:30.692+0000][71.843s] GC(9) Concurrent Mark From Roots 4.040ms
[2026-03-19T21:24:30.693+0000][71.843s] GC(9) Concurrent Preclean
[2026-03-19T21:24:30.693+0000][71.843s] GC(9) Concurrent Preclean 0.187ms
[2026-03-19T21:24:30.693+0000][71.843s] GC(9) Pause Remark
[2026-03-19T21:24:30.697+0000][71.848s] GC(9) Pause Remark 40M->40M(3072M) 4.151ms
[2026-03-19T21:24:30.697+0000][71.848s] GC(9) User=0.01s Sys=0.00s Real=0.00s
[2026-03-19T21:24:30.697+0000][71.848s] GC(9) Concurrent Mark 8.854ms
[2026-03-19T21:24:30.697+0000][71.848s] GC(9) Concurrent Rebuild Remembered Sets and Scrub Regions
[2026-03-19T21:24:30.700+0000][71.850s] GC(9) Concurrent Rebuild Remembered Sets and Scrub Regions 2.472ms
[2026-03-19T21:24:30.700+0000][71.850s] GC(9) Pause Cleanup
[2026-03-19T21:24:30.700+0000][71.850s] GC(9) Pause Cleanup 40M->40M(3072M) 0.131ms
[2026-03-19T21:24:30.700+0000][71.851s] GC(9) User=0.00s Sys=0.00s Real=0.00s
[2026-03-19T21:24:30.700+0000][71.851s] GC(9) Concurrent Clear Claimed Marks
[2026-03-19T21:24:30.700+0000][71.851s] GC(9) Concurrent Clear Claimed Marks 0.065ms
[2026-03-19T21:24:30.700+0000][71.851s] GC(9) Concurrent Cleanup for Next Mark
[2026-03-19T21:24:30.704+0000][71.855s] GC(9) Concurrent Cleanup for Next Mark 4.155ms
[2026-03-19T21:24:30.704+0000][71.855s] GC(9) Concurrent Mark Cycle 19.109ms
[2026-03-19T21:28:03.919+0000][285.069s] GC(10) Pause Young (Prepare Mixed) (G1 Evacuation Pause)
[2026-03-19T21:28:03.919+0000][285.070s] GC(10) Using 4 workers of 4 for evacuation
[2026-03-19T21:28:03.929+0000][285.080s] GC(10)   Pre Evacuate Collection Set: 0.42ms
[2026-03-19T21:28:03.929+0000][285.080s] GC(10)   Merge Heap Roots: 0.11ms
[2026-03-19T21:28:03.929+0000][285.080s] GC(10)   Evacuate Collection Set: 7.89ms
[2026-03-19T21:28:03.929+0000][285.080s] GC(10)   Post Evacuate Collection Set: 1.49ms
[2026-03-19T21:28:03.929+0000][285.080s] GC(10)   Other: 0.19ms
[2026-03-19T21:28:03.929+0000][285.080s] GC(10) Eden regions: 121->0(342)
[2026-03-19T21:28:03.929+0000][285.080s] GC(10) Survivor regions: 8->8(17)
[2026-03-19T21:28:03.929+0000][285.080s] GC(10) Old regions: 8->8
[2026-03-19T21:28:03.929+0000][285.080s] GC(10) Humongous regions: 4->4
[2026-03-19T21:28:03.929+0000][285.080s] GC(10) Metaspace: 61489K(62208K)->61489K(62208K) NonClass: 53938K(54336K)->53938K(54336K) Class: 7551K(7872K)->7551K(7872K)
[2026-03-19T21:28:03.929+0000][285.080s] GC(10) Pause Young (Prepare Mixed) (G1 Evacuation Pause) 279M->38M(3072M) 10.843ms
[2026-03-19T21:28:03.929+0000][285.080s] GC(10) User=0.04s Sys=0.00s Real=0.01s
[2026-03-19T21:38:20.634+0000][901.783s] GC(11) Pause Young (Mixed) (G1 Evacuation Pause)
[2026-03-19T21:38:20.636+0000][901.785s] GC(11) Using 4 workers of 4 for evacuation
[2026-03-19T21:38:20.703+0000][901.851s] GC(11)   Pre Evacuate Collection Set: 2.12ms
[2026-03-19T21:38:20.703+0000][901.851s] GC(11)   Merge Heap Roots: 0.31ms
[2026-03-19T21:38:20.703+0000][901.851s] GC(11)   Evacuate Collection Set: 59.67ms
[2026-03-19T21:38:20.703+0000][901.851s] GC(11)   Post Evacuate Collection Set: 3.92ms
[2026-03-19T21:38:20.703+0000][901.852s] GC(11)   Other: 0.50ms
[2026-03-19T21:38:20.703+0000][901.852s] GC(11) Eden regions: 335->0(629)
[2026-03-19T21:38:20.703+0000][901.852s] GC(11) Survivor regions: 8->10(43)
[2026-03-19T21:38:20.703+0000][901.852s] GC(11) Old regions: 8->8
[2026-03-19T21:38:20.703+0000][901.852s] GC(11) Humongous regions: 4->4
[2026-03-19T21:38:20.703+0000][901.852s] GC(11) Metaspace: 62327K(63104K)->62327K(63104K) NonClass: 54746K(55168K)->54746K(55168K) Class: 7581K(7936K)->7581K(7936K)
[2026-03-19T21:38:20.703+0000][901.852s] GC(11) Pause Young (Mixed) (G1 Evacuation Pause) 708M->41M(3072M) 68.997ms
[2026-03-19T21:38:20.703+0000][901.852s] GC(11) User=0.25s Sys=0.00s Real=0.06s
[2026-03-19T21:58:40.441+0000][2121.588s] GC(12) Pause Young (Normal) (G1 Evacuation Pause)
[2026-03-19T21:58:40.442+0000][2121.589s] GC(12) Using 4 workers of 4 for evacuation
[2026-03-19T21:58:40.569+0000][2121.716s] GC(12)   Pre Evacuate Collection Set: 1.47ms
[2026-03-19T21:58:40.569+0000][2121.716s] GC(12)   Merge Heap Roots: 0.28ms
[2026-03-19T21:58:40.569+0000][2121.716s] GC(12)   Evacuate Collection Set: 118.71ms
[2026-03-19T21:58:40.569+0000][2121.716s] GC(12)   Post Evacuate Collection Set: 6.17ms
[2026-03-19T21:58:40.569+0000][2121.716s] GC(12)   Other: 0.50ms
[2026-03-19T21:58:40.570+0000][2121.716s] GC(12) Eden regions: 642->0(511)
[2026-03-19T21:58:40.570+0000][2121.717s] GC(12) Survivor regions: 10->12(82)
[2026-03-19T21:58:40.570+0000][2121.717s] GC(12) Old regions: 8->8
[2026-03-19T21:58:40.570+0000][2121.717s] GC(12) Humongous regions: 4->4
[2026-03-19T21:58:40.570+0000][2121.717s] GC(12) Metaspace: 62737K(63488K)->62737K(63488K) NonClass: 55150K(55552K)->55150K(55552K) Class: 7587K(7936K)->7587K(7936K)
[2026-03-19T21:58:40.570+0000][2121.717s] GC(12) Pause Young (Normal) (G1 Evacuation Pause) 1325M->46M(3072M) 128.818ms
[2026-03-19T21:58:40.570+0000][2121.717s] GC(12) User=0.49s Sys=0.00s Real=0.13s
[2026-03-19T22:13:41.462+0000][3022.607s] GC(13) Pause Young (Normal) (G1 Evacuation Pause)
[2026-03-19T22:13:41.462+0000][3022.608s] GC(13) Using 4 workers of 4 for evacuation
[2026-03-19T22:13:41.527+0000][3022.672s] GC(13)   Pre Evacuate Collection Set: 1.49ms
[2026-03-19T22:13:41.527+0000][3022.672s] GC(13)   Merge Heap Roots: 0.23ms
[2026-03-19T22:13:41.527+0000][3022.672s] GC(13)   Evacuate Collection Set: 59.33ms
[2026-03-19T22:13:41.527+0000][3022.672s] GC(13)   Post Evacuate Collection Set: 2.90ms
[2026-03-19T22:13:41.527+0000][3022.672s] GC(13)   Other: 0.25ms
[2026-03-19T22:13:41.527+0000][3022.672s] GC(13) Eden regions: 519->0(910)
[2026-03-19T22:13:41.527+0000][3022.672s] GC(13) Survivor regions: 12->11(67)
[2026-03-19T22:13:41.527+0000][3022.673s] GC(13) Old regions: 8->8
[2026-03-19T22:13:41.527+0000][3022.673s] GC(13) Humongous regions: 4->4
[2026-03-19T22:13:41.527+0000][3022.673s] GC(13) Metaspace: 66422K(67200K)->66422K(67200K) NonClass: 58323K(58752K)->58323K(58752K) Class: 8098K(8448K)->8098K(8448K)
[2026-03-19T22:13:41.527+0000][3022.673s] GC(13) Pause Young (Normal) (G1 Evacuation Pause) 1084M->43M(3072M) 65.509ms
[2026-03-19T22:13:41.527+0000][3022.673s] GC(13) User=0.24s Sys=0.00s Real=0.07s
[2026-03-19T22:27:44.280+0000][3865.424s] Heap
[2026-03-19T22:27:44.281+0000][3865.424s]  garbage-first heap   total 3145728K, used 1028327K [0x0000000700000000, 0x0000000800000000)
[2026-03-19T22:27:44.281+0000][3865.425s]   region size 2048K, 492 young (1007616K), 11 survivors (22528K)
[2026-03-19T22:27:44.281+0000][3865.425s]  Metaspace       used 67038K, committed 67904K, reserved 1114112K
[2026-03-19T22:27:44.281+0000][3865.425s]   class space    used 8206K, committed 8576K, reserved 1048576K
