[2026-03-19T20:49:00.502+0000][0.010s] CardTable entry size: 512
[2026-03-19T20:49:00.503+0000][0.011s] Using G1
[2026-03-19T20:49:01.511+0000][1.019s] Version: 21.0.10+7-LTS (release)
[2026-03-19T20:49:01.511+0000][1.020s] CPUs: 11 total, 4 available
[2026-03-19T20:49:01.512+0000][1.020s] Memory: 6144M
[2026-03-19T20:49:01.512+0000][1.020s] Large Page Support: Disabled
[2026-03-19T20:49:01.512+0000][1.020s] NUMA Support: Disabled
[2026-03-19T20:49:01.512+0000][1.020s] Compressed Oops: Enabled (Zero based)
[2026-03-19T20:49:01.512+0000][1.020s] Heap Region Size: 2M
[2026-03-19T20:49:01.512+0000][1.020s] Heap Min Capacity: 3G
[2026-03-19T20:49:01.512+0000][1.020s] Heap Initial Capacity: 3G
[2026-03-19T20:49:01.512+0000][1.020s] Heap Max Capacity: 4G
[2026-03-19T20:49:01.512+0000][1.020s] Pre-touch: Enabled
[2026-03-19T20:49:01.512+0000][1.021s] Parallel Workers: 4
[2026-03-19T20:49:01.512+0000][1.021s] Concurrent Workers: 2
[2026-03-19T20:49:01.513+0000][1.021s] Concurrent Refinement Workers: 4
[2026-03-19T20:49:01.513+0000][1.021s] Periodic GC: Disabled
[2026-03-19T20:49:01.541+0000][1.049s] CDS archive(s) mapped at: [0x0000004000000000-0x0000004000bb0000-0x0000004000bb0000), size 12255232, SharedBaseAddress: 0x0000004000000000, ArchiveRelocationMode: 1.
[2026-03-19T20:49:01.541+0000][1.050s] Compressed class space mapped at: 0x0000004001000000-0x0000004041000000, reserved size: 1073741824
[2026-03-19T20:49:01.542+0000][1.050s] Narrow klass base: 0x0000004000000000, Narrow klass shift: 0, Narrow klass range: 0x100000000
[2026-03-19T20:49:03.162+0000][2.671s] GC(0) Pause Young (Concurrent Start) (Metadata GC Threshold)
[2026-03-19T20:49:03.163+0000][2.671s] GC(0) Using 4 workers of 4 for evacuation
[2026-03-19T20:49:03.171+0000][2.679s] GC(0)   Pre Evacuate Collection Set: 0.46ms
[2026-03-19T20:49:03.171+0000][2.679s] GC(0)   Merge Heap Roots: 0.11ms
[2026-03-19T20:49:03.171+0000][2.679s] GC(0)   Evacuate Collection Set: 5.84ms
[2026-03-19T20:49:03.171+0000][2.679s] GC(0)   Post Evacuate Collection Set: 1.19ms
[2026-03-19T20:49:03.171+0000][2.679s] GC(0)   Other: 0.23ms
[2026-03-19T20:49:03.171+0000][2.679s] GC(0) Eden regions: 44->0(68)
[2026-03-19T20:49:03.171+0000][2.679s] GC(0) Survivor regions: 0->8(10)
[2026-03-19T20:49:03.171+0000][2.679s] GC(0) Old regions: 1->1
[2026-03-19T20:49:03.171+0000][2.679s] GC(0) Humongous regions: 4->4
[2026-03-19T20:49:03.171+0000][2.679s] GC(0) Metaspace: 21194K(21504K)->21194K(21504K) NonClass: 18724K(18880K)->18724K(18880K) Class: 2470K(2624K)->2470K(2624K)
[2026-03-19T20:49:03.171+0000][2.680s] GC(0) Pause Young (Concurrent Start) (Metadata GC Threshold) 95M->23M(3074M) 9.061ms
[2026-03-19T20:49:03.172+0000][2.680s] GC(0) User=0.03s Sys=0.00s Real=0.01s
[2026-03-19T20:49:03.172+0000][2.680s] GC(1) Concurrent Mark Cycle
[2026-03-19T20:49:03.172+0000][2.680s] GC(1) Concurrent Scan Root Regions
[2026-03-19T20:49:03.175+0000][2.683s] GC(1) Concurrent Scan Root Regions 2.609ms
[2026-03-19T20:49:03.175+0000][2.683s] GC(1) Concurrent Mark
[2026-03-19T20:49:03.175+0000][2.683s] GC(1) Concurrent Mark From Roots
[2026-03-19T20:49:03.175+0000][2.683s] GC(1) Using 2 workers of 2 for marking
[2026-03-19T20:49:03.177+0000][2.685s] GC(1) Concurrent Mark From Roots 2.038ms
[2026-03-19T20:49:03.177+0000][2.685s] GC(1) Concurrent Preclean
[2026-03-19T20:49:03.177+0000][2.685s] GC(1) Concurrent Preclean 0.286ms
[2026-03-19T20:49:03.179+0000][2.687s] GC(1) Pause Remark
[2026-03-19T20:49:03.181+0000][2.689s] GC(1) Pause Remark 25M->25M(3072M) 2.400ms
[2026-03-19T20:49:03.181+0000][2.690s] GC(1) User=0.01s Sys=0.00s Real=0.00s
[2026-03-19T20:49:03.182+0000][2.690s] GC(1) Concurrent Mark 6.922ms
[2026-03-19T20:49:03.182+0000][2.690s] GC(1) Concurrent Rebuild Remembered Sets and Scrub Regions
[2026-03-19T20:49:03.183+0000][2.692s] GC(1) Concurrent Rebuild Remembered Sets and Scrub Regions 1.256ms
[2026-03-19T20:49:03.184+0000][2.692s] GC(1) Pause Cleanup
[2026-03-19T20:49:03.184+0000][2.692s] GC(1) Pause Cleanup 25M->25M(3072M) 0.332ms
[2026-03-19T20:49:03.184+0000][2.692s] GC(1) User=0.00s Sys=0.00s Real=0.00s
[2026-03-19T20:49:03.184+0000][2.693s] GC(1) Concurrent Clear Claimed Marks
[2026-03-19T20:49:03.184+0000][2.693s] GC(1) Concurrent Clear Claimed Marks 0.083ms
[2026-03-19T20:49:03.185+0000][2.693s] GC(1) Concurrent Cleanup for Next Mark
[2026-03-19T20:49:03.186+0000][2.694s] GC(1) Concurrent Cleanup for Next Mark 1.261ms
[2026-03-19T20:49:03.186+0000][2.694s] GC(1) Concurrent Mark Cycle 14.372ms
[2026-03-19T20:49:03.932+0000][3.440s] GC(2) Pause Young (Prepare Mixed) (Metadata GC Threshold)
[2026-03-19T20:49:03.932+0000][3.441s] GC(2) Using 4 workers of 4 for evacuation
[2026-03-19T20:49:03.940+0000][3.448s] GC(2)   Pre Evacuate Collection Set: 0.24ms
[2026-03-19T20:49:03.940+0000][3.448s] GC(2)   Merge Heap Roots: 0.08ms
[2026-03-19T20:49:03.940+0000][3.448s] GC(2)   Evacuate Collection Set: 5.83ms
[2026-03-19T20:49:03.940+0000][3.448s] GC(2)   Post Evacuate Collection Set: 0.95ms
[2026-03-19T20:49:03.940+0000][3.449s] GC(2)   Other: 0.17ms
[2026-03-19T20:49:03.941+0000][3.449s] GC(2) Eden regions: 34->0(73)
[2026-03-19T20:49:03.941+0000][3.449s] GC(2) Survivor regions: 8->3(10)
[2026-03-19T20:49:03.941+0000][3.450s] GC(2) Old regions: 1->8
[2026-03-19T20:49:03.942+0000][3.450s] GC(2) Humongous regions: 4->4
[2026-03-19T20:49:03.943+0000][3.451s] GC(2) Metaspace: 35525K(35968K)->35525K(35968K) NonClass: 31223K(31488K)->31223K(31488K) Class: 4302K(4480K)->4302K(4480K)
[2026-03-19T20:49:03.943+0000][3.451s] GC(2) Pause Young (Prepare Mixed) (Metadata GC Threshold) 91M->28M(3072M) 10.930ms
[2026-03-19T20:49:03.944+0000][3.452s] GC(2) User=0.03s Sys=0.01s Real=0.01s
[2026-03-19T20:49:03.994+0000][3.502s] GC(3) Pause Young (Mixed) (Metadata GC Threshold)
[2026-03-19T20:49:03.994+0000][3.502s] GC(3) Using 4 workers of 4 for evacuation
[2026-03-19T20:49:03.998+0000][3.506s] GC(3)   Pre Evacuate Collection Set: 0.25ms
[2026-03-19T20:49:03.998+0000][3.506s] GC(3)   Merge Heap Roots: 0.10ms
[2026-03-19T20:49:03.998+0000][3.506s] GC(3)   Evacuate Collection Set: 3.17ms
[2026-03-19T20:49:03.998+0000][3.506s] GC(3)   Post Evacuate Collection Set: 0.55ms
[2026-03-19T20:49:03.998+0000][3.506s] GC(3)   Other: 0.07ms
[2026-03-19T20:49:03.998+0000][3.506s] GC(3) Eden regions: 4->0(73)
[2026-03-19T20:49:03.998+0000][3.506s] GC(3) Survivor regions: 3->3(10)
[2026-03-19T20:49:03.998+0000][3.506s] GC(3) Old regions: 8->8
[2026-03-19T20:49:03.998+0000][3.506s] GC(3) Humongous regions: 4->4
[2026-03-19T20:49:03.998+0000][3.506s] GC(3) Metaspace: 35846K(36288K)->35846K(36288K) NonClass: 31507K(31744K)->31507K(31744K) Class: 4338K(4544K)->4338K(4544K)
[2026-03-19T20:49:03.998+0000][3.507s] GC(3) Pause Young (Mixed) (Metadata GC Threshold) 36M->29M(3072M) 4.633ms
[2026-03-19T20:49:03.998+0000][3.507s] GC(3) User=0.01s Sys=0.00s Real=0.00s
[2026-03-19T20:49:04.013+0000][3.521s] GC(4) Pause Young (Concurrent Start) (Metadata GC Threshold)
[2026-03-19T20:49:04.013+0000][3.522s] GC(4) Using 4 workers of 4 for evacuation
[2026-03-19T20:49:04.018+0000][3.527s] GC(4)   Pre Evacuate Collection Set: 0.29ms
[2026-03-19T20:49:04.019+0000][3.527s] GC(4)   Merge Heap Roots: 0.08ms
[2026-03-19T20:49:04.019+0000][3.527s] GC(4)   Evacuate Collection Set: 3.91ms
[2026-03-19T20:49:04.019+0000][3.527s] GC(4)   Post Evacuate Collection Set: 0.57ms
[2026-03-19T20:49:04.019+0000][3.527s] GC(4)   Other: 0.19ms
[2026-03-19T20:49:04.019+0000][3.527s] GC(4) Eden regions: 2->0(73)
[2026-03-19T20:49:04.019+0000][3.527s] GC(4) Survivor regions: 3->3(10)
[2026-03-19T20:49:04.019+0000][3.527s] GC(4) Old regions: 8->8
[2026-03-19T20:49:04.019+0000][3.527s] GC(4) Humongous regions: 4->4
[2026-03-19T20:49:04.019+0000][3.527s] GC(4) Metaspace: 36155K(36608K)->36155K(36608K) NonClass: 31761K(32000K)->31761K(32000K) Class: 4393K(4608K)->4393K(4608K)
[2026-03-19T20:49:04.019+0000][3.527s] GC(4) Pause Young (Concurrent Start) (Metadata GC Threshold) 31M->29M(3072M) 5.680ms
[2026-03-19T20:49:04.019+0000][3.527s] GC(4) User=0.01s Sys=0.00s Real=0.01s
[2026-03-19T20:49:04.019+0000][3.527s] GC(5) Concurrent Mark Cycle
[2026-03-19T20:49:04.019+0000][3.527s] GC(5) Concurrent Scan Root Regions
[2026-03-19T20:49:04.022+0000][3.530s] GC(5) Concurrent Scan Root Regions 2.648ms
[2026-03-19T20:49:04.022+0000][3.530s] GC(5) Concurrent Mark
[2026-03-19T20:49:04.022+0000][3.530s] GC(5) Concurrent Mark From Roots
[2026-03-19T20:49:04.022+0000][3.530s] GC(5) Using 2 workers of 2 for marking
[2026-03-19T20:49:04.028+0000][3.536s] GC(5) Concurrent Mark From Roots 6.046ms
[2026-03-19T20:49:04.028+0000][3.536s] GC(5) Concurrent Preclean
[2026-03-19T20:49:04.028+0000][3.537s] GC(5) Concurrent Preclean 0.186ms
[2026-03-19T20:49:04.030+0000][3.538s] GC(5) Pause Remark
[2026-03-19T20:49:04.034+0000][3.542s] GC(5) Pause Remark 31M->31M(3072M) 3.587ms
[2026-03-19T20:49:04.034+0000][3.542s] GC(5) User=0.01s Sys=0.00s Real=0.00s
[2026-03-19T20:49:04.034+0000][3.542s] GC(5) Concurrent Mark 12.425ms
[2026-03-19T20:49:04.034+0000][3.543s] GC(5) Concurrent Rebuild Remembered Sets and Scrub Regions
[2026-03-19T20:49:04.038+0000][3.546s] GC(5) Concurrent Rebuild Remembered Sets and Scrub Regions 3.457ms
[2026-03-19T20:49:04.039+0000][3.547s] GC(5) Pause Cleanup
[2026-03-19T20:49:04.040+0000][3.548s] GC(5) Pause Cleanup 31M->31M(3072M) 0.236ms
[2026-03-19T20:49:04.040+0000][3.548s] GC(5) User=0.00s Sys=0.00s Real=0.00s
[2026-03-19T20:49:04.040+0000][3.548s] GC(5) Concurrent Clear Claimed Marks
[2026-03-19T20:49:04.040+0000][3.548s] GC(5) Concurrent Clear Claimed Marks 0.119ms
[2026-03-19T20:49:04.040+0000][3.548s] GC(5) Concurrent Cleanup for Next Mark
[2026-03-19T20:49:04.041+0000][3.549s] GC(5) Concurrent Cleanup for Next Mark 0.898ms
[2026-03-19T20:49:04.041+0000][3.549s] GC(5) Concurrent Mark Cycle 21.911ms
[2026-03-19T20:49:04.617+0000][4.125s] GC(6) Pause Young (Normal) (G1 Evacuation Pause)
[2026-03-19T20:49:04.617+0000][4.125s] GC(6) Using 4 workers of 4 for evacuation
[2026-03-19T20:49:04.620+0000][4.128s] GC(6)   Pre Evacuate Collection Set: 0.16ms
[2026-03-19T20:49:04.620+0000][4.128s] GC(6)   Merge Heap Roots: 0.05ms
[2026-03-19T20:49:04.620+0000][4.129s] GC(6)   Evacuate Collection Set: 2.36ms
[2026-03-19T20:49:04.620+0000][4.129s] GC(6)   Post Evacuate Collection Set: 0.52ms
[2026-03-19T20:49:04.620+0000][4.129s] GC(6)   Other: 0.10ms
[2026-03-19T20:49:04.621+0000][4.129s] GC(6) Eden regions: 73->0(130)
[2026-03-19T20:49:04.621+0000][4.129s] GC(6) Survivor regions: 3->5(10)
[2026-03-19T20:49:04.621+0000][4.129s] GC(6) Old regions: 8->8
[2026-03-19T20:49:04.621+0000][4.129s] GC(6) Humongous regions: 4->4
[2026-03-19T20:49:04.621+0000][4.129s] GC(6) Metaspace: 47007K(47552K)->47007K(47552K) NonClass: 41225K(41536K)->41225K(41536K) Class: 5782K(6016K)->5782K(6016K)
[2026-03-19T20:49:04.621+0000][4.129s] GC(6) Pause Young (Normal) (G1 Evacuation Pause) 175M->32M(3072M) 3.746ms
[2026-03-19T20:49:04.621+0000][4.129s] GC(6) User=0.01s Sys=0.00s Real=0.01s
[2026-03-19T20:49:58.810+0000][58.318s] GC(7) Pause Young (Normal) (G1 Evacuation Pause)
[2026-03-19T20:49:58.811+0000][58.318s] GC(7) Using 4 workers of 4 for evacuation
[2026-03-19T20:49:58.820+0000][58.328s] GC(7)   Pre Evacuate Collection Set: 0.75ms
[2026-03-19T20:49:58.820+0000][58.328s] GC(7)   Merge Heap Roots: 0.13ms
[2026-03-19T20:49:58.820+0000][58.328s] GC(7)   Evacuate Collection Set: 7.55ms
[2026-03-19T20:49:58.820+0000][58.328s] GC(7)   Post Evacuate Collection Set: 0.88ms
[2026-03-19T20:49:58.820+0000][58.328s] GC(7)   Other: 0.22ms
[2026-03-19T20:49:58.821+0000][58.328s] GC(7) Eden regions: 128->0(287)
[2026-03-19T20:49:58.821+0000][58.328s] GC(7) Survivor regions: 5->7(17)
[2026-03-19T20:49:58.821+0000][58.328s] GC(7) Old regions: 8->8
[2026-03-19T20:49:58.821+0000][58.328s] GC(7) Humongous regions: 4->4
[2026-03-19T20:49:58.821+0000][58.328s] GC(7) Metaspace: 55539K(56256K)->55539K(56256K) NonClass: 48695K(49088K)->48695K(49088K) Class: 6844K(7168K)->6844K(7168K)
[2026-03-19T20:49:58.821+0000][58.328s] GC(7) Pause Young (Normal) (G1 Evacuation Pause) 288M->36M(3072M) 10.316ms
[2026-03-19T20:49:58.821+0000][58.328s] GC(7) User=0.03s Sys=0.00s Real=0.01s
[2026-03-19T20:57:32.847+0000][512.356s] GC(8) Pause Young (Concurrent Start) (Metadata GC Threshold)
[2026-03-19T20:57:32.848+0000][512.356s] GC(8) Using 4 workers of 4 for evacuation
[2026-03-19T20:57:32.897+0000][512.405s] GC(8)   Pre Evacuate Collection Set: 1.55ms
[2026-03-19T20:57:32.897+0000][512.405s] GC(8)   Merge Heap Roots: 0.20ms
[2026-03-19T20:57:32.897+0000][512.405s] GC(8)   Evacuate Collection Set: 43.49ms
[2026-03-19T20:57:32.897+0000][512.405s] GC(8)   Post Evacuate Collection Set: 3.37ms
[2026-03-19T20:57:32.897+0000][512.405s] GC(8)   Other: 0.26ms
[2026-03-19T20:57:32.897+0000][512.405s] GC(8) Eden regions: 246->0(362)
[2026-03-19T20:57:32.897+0000][512.405s] GC(8) Survivor regions: 7->9(37)
[2026-03-19T20:57:32.897+0000][512.405s] GC(8) Old regions: 8->8
[2026-03-19T20:57:32.897+0000][512.406s] GC(8) Humongous regions: 4->4
[2026-03-19T20:57:32.897+0000][512.406s] GC(8) Metaspace: 60902K(61568K)->60902K(61568K) NonClass: 53485K(53824K)->53485K(53824K) Class: 7417K(7744K)->7417K(7744K)
[2026-03-19T20:57:32.897+0000][512.406s] GC(8) Pause Young (Concurrent Start) (Metadata GC Threshold) 526M->41M(3072M) 49.822ms
[2026-03-19T20:57:32.897+0000][512.406s] GC(8) User=0.18s Sys=0.00s Real=0.05s
[2026-03-19T20:57:32.897+0000][512.406s] GC(9) Concurrent Mark Cycle
[2026-03-19T20:57:32.898+0000][512.406s] GC(9) Concurrent Scan Root Regions
[2026-03-19T20:57:32.903+0000][512.411s] GC(9) Concurrent Scan Root Regions 5.230ms
[2026-03-19T20:57:32.903+0000][512.411s] GC(9) Concurrent Mark
[2026-03-19T20:57:32.903+0000][512.411s] GC(9) Concurrent Mark From Roots
[2026-03-19T20:57:32.903+0000][512.412s] GC(9) Using 2 workers of 2 for marking
[2026-03-19T20:57:32.910+0000][512.418s] GC(9) Concurrent Mark From Roots 6.647ms
[2026-03-19T20:57:32.910+0000][512.418s] GC(9) Concurrent Preclean
[2026-03-19T20:57:32.910+0000][512.419s] GC(9) Concurrent Preclean 0.170ms
[2026-03-19T20:57:32.910+0000][512.419s] GC(9) Pause Remark
[2026-03-19T20:57:32.918+0000][512.426s] GC(9) Pause Remark 42M->42M(3072M) 7.551ms
[2026-03-19T20:57:32.918+0000][512.426s] GC(9) User=0.03s Sys=0.00s Real=0.00s
[2026-03-19T20:57:32.918+0000][512.426s] GC(9) Concurrent Mark 15.080ms
[2026-03-19T20:57:32.918+0000][512.427s] GC(9) Concurrent Rebuild Remembered Sets and Scrub Regions
[2026-03-19T20:57:32.922+0000][512.430s] GC(9) Concurrent Rebuild Remembered Sets and Scrub Regions 3.704ms
[2026-03-19T20:57:32.922+0000][512.430s] GC(9) Pause Cleanup
[2026-03-19T20:57:32.922+0000][512.431s] GC(9) Pause Cleanup 44M->44M(3072M) 0.289ms
[2026-03-19T20:57:32.922+0000][512.431s] GC(9) User=0.00s Sys=0.00s Real=0.00s
[2026-03-19T20:57:32.922+0000][512.431s] GC(9) Concurrent Clear Claimed Marks
[2026-03-19T20:57:32.923+0000][512.431s] GC(9) Concurrent Clear Claimed Marks 0.176ms
[2026-03-19T20:57:32.923+0000][512.431s] GC(9) Concurrent Cleanup for Next Mark
[2026-03-19T20:57:32.930+0000][512.439s] GC(9) Concurrent Cleanup for Next Mark 7.439ms
[2026-03-19T20:57:32.930+0000][512.439s] GC(9) Concurrent Mark Cycle 33.020ms
[2026-03-19T21:08:02.371+0000][1141.876s] GC(10) Pause Young (Normal) (G1 Evacuation Pause)
[2026-03-19T21:08:02.371+0000][1141.877s] GC(10) Using 4 workers of 4 for evacuation
[2026-03-19T21:08:02.431+0000][1141.937s] GC(10)   Pre Evacuate Collection Set: 1.78ms
[2026-03-19T21:08:02.431+0000][1141.937s] GC(10)   Merge Heap Roots: 0.31ms
[2026-03-19T21:08:02.431+0000][1141.937s] GC(10)   Evacuate Collection Set: 54.57ms
[2026-03-19T21:08:02.431+0000][1141.937s] GC(10)   Post Evacuate Collection Set: 2.81ms
[2026-03-19T21:08:02.431+0000][1141.937s] GC(10)   Other: 0.31ms
[2026-03-19T21:08:02.431+0000][1141.937s] GC(10) Eden regions: 350->0(454)
[2026-03-19T21:08:02.431+0000][1141.937s] GC(10) Survivor regions: 9->10(45)
[2026-03-19T21:08:02.431+0000][1141.937s] GC(10) Old regions: 8->8
[2026-03-19T21:08:02.431+0000][1141.937s] GC(10) Humongous regions: 4->4
[2026-03-19T21:08:02.431+0000][1141.937s] GC(10) Metaspace: 62681K(63488K)->62681K(63488K) NonClass: 55002K(55424K)->55002K(55424K) Class: 7679K(8064K)->7679K(8064K)
[2026-03-19T21:08:02.431+0000][1141.937s] GC(10) Pause Young (Normal) (G1 Evacuation Pause) 741M->42M(3072M) 60.568ms
[2026-03-19T21:08:02.431+0000][1141.937s] GC(10) User=0.21s Sys=0.00s Real=0.07s
[2026-03-19T21:22:01.530+0000][1981.036s] GC(11) Pause Young (Normal) (G1 Evacuation Pause)
[2026-03-19T21:22:01.531+0000][1981.037s] GC(11) Using 4 workers of 4 for evacuation
[2026-03-19T21:22:01.692+0000][1981.198s] GC(11)   Pre Evacuate Collection Set: 1.74ms
[2026-03-19T21:22:01.692+0000][1981.198s] GC(11)   Merge Heap Roots: 0.23ms
[2026-03-19T21:22:01.692+0000][1981.198s] GC(11)   Evacuate Collection Set: 153.17ms
[2026-03-19T21:22:01.692+0000][1981.198s] GC(11)   Post Evacuate Collection Set: 5.66ms
[2026-03-19T21:22:01.692+0000][1981.198s] GC(11)   Other: 0.34ms
[2026-03-19T21:22:01.692+0000][1981.198s] GC(11) Eden regions: 457->0(910)
[2026-03-19T21:22:01.692+0000][1981.198s] GC(11) Survivor regions: 10->11(59)
[2026-03-19T21:22:01.692+0000][1981.198s] GC(11) Old regions: 8->8
[2026-03-19T21:22:01.692+0000][1981.198s] GC(11) Humongous regions: 4->4
[2026-03-19T21:22:01.693+0000][1981.198s] GC(11) Metaspace: 62902K(63744K)->62902K(63744K) NonClass: 55221K(55680K)->55221K(55680K) Class: 7680K(8064K)->7680K(8064K)
[2026-03-19T21:22:01.693+0000][1981.199s] GC(11) Pause Young (Normal) (G1 Evacuation Pause) 956M->44M(3072M) 162.838ms
[2026-03-19T21:22:01.693+0000][1981.199s] GC(11) User=0.54s Sys=0.03s Real=0.17s
[2026-03-19T21:23:16.954+0000][2056.460s] Heap
[2026-03-19T21:23:16.954+0000][2056.460s]  garbage-first heap   total 3145728K, used 167444K [0x0000000700000000, 0x0000000800000000)
[2026-03-19T21:23:16.954+0000][2056.460s]   region size 2048K, 71 young (145408K), 11 survivors (22528K)
[2026-03-19T21:23:16.954+0000][2056.460s]  Metaspace       used 63370K, committed 64192K, reserved 1114112K
[2026-03-19T21:23:16.954+0000][2056.460s]   class space    used 7784K, committed 8128K, reserved 1048576K
