[2026-03-19T22:27:46.270+0000][0.008s] CardTable entry size: 512
[2026-03-19T22:27:46.270+0000][0.009s] Using G1
[2026-03-19T22:27:47.282+0000][1.021s] Version: 21.0.10+7-LTS (release)
[2026-03-19T22:27:47.282+0000][1.021s] CPUs: 11 total, 4 available
[2026-03-19T22:27:47.283+0000][1.021s] Memory: 6144M
[2026-03-19T22:27:47.283+0000][1.021s] Large Page Support: Disabled
[2026-03-19T22:27:47.283+0000][1.021s] NUMA Support: Disabled
[2026-03-19T22:27:47.283+0000][1.021s] Compressed Oops: Enabled (Zero based)
[2026-03-19T22:27:47.283+0000][1.021s] Heap Region Size: 2M
[2026-03-19T22:27:47.283+0000][1.022s] Heap Min Capacity: 3G
[2026-03-19T22:27:47.283+0000][1.022s] Heap Initial Capacity: 3G
[2026-03-19T22:27:47.283+0000][1.022s] Heap Max Capacity: 4G
[2026-03-19T22:27:47.283+0000][1.022s] Pre-touch: Enabled
[2026-03-19T22:27:47.283+0000][1.022s] Parallel Workers: 4
[2026-03-19T22:27:47.283+0000][1.022s] Concurrent Workers: 2
[2026-03-19T22:27:47.283+0000][1.022s] Concurrent Refinement Workers: 4
[2026-03-19T22:27:47.283+0000][1.022s] Periodic GC: Disabled
[2026-03-19T22:27:47.311+0000][1.050s] CDS archive(s) mapped at: [0x0000006800000000-0x0000006800bb0000-0x0000006800bb0000), size 12255232, SharedBaseAddress: 0x0000006800000000, ArchiveRelocationMode: 1.
[2026-03-19T22:27:47.312+0000][1.050s] Compressed class space mapped at: 0x0000006801000000-0x0000006841000000, reserved size: 1073741824
[2026-03-19T22:27:47.312+0000][1.050s] Narrow klass base: 0x0000006800000000, Narrow klass shift: 0, Narrow klass range: 0x100000000
[2026-03-19T22:27:48.694+0000][2.433s] GC(0) Pause Young (Concurrent Start) (Metadata GC Threshold)
[2026-03-19T22:27:48.695+0000][2.433s] GC(0) Using 4 workers of 4 for evacuation
[2026-03-19T22:27:48.712+0000][2.451s] GC(0)   Pre Evacuate Collection Set: 1.74ms
[2026-03-19T22:27:48.713+0000][2.452s] GC(0)   Merge Heap Roots: 0.97ms
[2026-03-19T22:27:48.713+0000][2.452s] GC(0)   Evacuate Collection Set: 9.14ms
[2026-03-19T22:27:48.713+0000][2.452s] GC(0)   Post Evacuate Collection Set: 5.02ms
[2026-03-19T22:27:48.714+0000][2.452s] GC(0)   Other: 0.91ms
[2026-03-19T22:27:48.714+0000][2.453s] GC(0) Eden regions: 43->0(68)
[2026-03-19T22:27:48.714+0000][2.453s] GC(0) Survivor regions: 0->8(10)
[2026-03-19T22:27:48.714+0000][2.453s] GC(0) Old regions: 1->1
[2026-03-19T22:27:48.714+0000][2.453s] GC(0) Humongous regions: 4->4
[2026-03-19T22:27:48.714+0000][2.453s] GC(0) Metaspace: 21175K(21504K)->21175K(21504K) NonClass: 18707K(18880K)->18707K(18880K) Class: 2468K(2624K)->2468K(2624K)
[2026-03-19T22:27:48.714+0000][2.453s] GC(0) Pause Young (Concurrent Start) (Metadata GC Threshold) 94M->23M(3074M) 20.187ms
[2026-03-19T22:27:48.714+0000][2.453s] GC(0) User=0.05s Sys=0.01s Real=0.02s
[2026-03-19T22:27:48.714+0000][2.453s] GC(1) Concurrent Mark Cycle
[2026-03-19T22:27:48.715+0000][2.454s] GC(1) Concurrent Scan Root Regions
[2026-03-19T22:27:48.725+0000][2.464s] GC(1) Concurrent Scan Root Regions 9.887ms
[2026-03-19T22:27:48.730+0000][2.469s] GC(1) Concurrent Mark
[2026-03-19T22:27:48.731+0000][2.470s] GC(1) Concurrent Mark From Roots
[2026-03-19T22:27:48.733+0000][2.472s] GC(1) Using 2 workers of 2 for marking
[2026-03-19T22:27:48.737+0000][2.476s] GC(1) Concurrent Mark From Roots 5.594ms
[2026-03-19T22:27:48.737+0000][2.476s] GC(1) Concurrent Preclean
[2026-03-19T22:27:48.738+0000][2.477s] GC(1) Concurrent Preclean 0.985ms
[2026-03-19T22:27:48.741+0000][2.479s] GC(1) Pause Remark
[2026-03-19T22:27:48.746+0000][2.484s] GC(1) Pause Remark 25M->25M(3072M) 4.839ms
[2026-03-19T22:27:48.746+0000][2.484s] GC(1) User=0.01s Sys=0.00s Real=0.00s
[2026-03-19T22:27:48.746+0000][2.485s] GC(1) Concurrent Mark 15.624ms
[2026-03-19T22:27:48.747+0000][2.486s] GC(1) Concurrent Rebuild Remembered Sets and Scrub Regions
[2026-03-19T22:27:48.756+0000][2.495s] GC(1) Concurrent Rebuild Remembered Sets and Scrub Regions 8.864ms
[2026-03-19T22:27:48.758+0000][2.496s] GC(1) Pause Cleanup
[2026-03-19T22:27:48.758+0000][2.497s] GC(1) Pause Cleanup 25M->25M(3072M) 0.797ms
[2026-03-19T22:27:48.759+0000][2.497s] GC(1) User=0.00s Sys=0.00s Real=0.01s
[2026-03-19T22:27:48.759+0000][2.497s] GC(1) Concurrent Clear Claimed Marks
[2026-03-19T22:27:48.760+0000][2.498s] GC(1) Concurrent Clear Claimed Marks 0.919ms
[2026-03-19T22:27:48.761+0000][2.500s] GC(1) Concurrent Cleanup for Next Mark
[2026-03-19T22:27:48.763+0000][2.502s] GC(1) Concurrent Cleanup for Next Mark 2.239ms
[2026-03-19T22:27:48.764+0000][2.502s] GC(1) Concurrent Mark Cycle 49.148ms
[2026-03-19T22:27:49.826+0000][3.564s] GC(2) Pause Young (Prepare Mixed) (Metadata GC Threshold)
[2026-03-19T22:27:49.826+0000][3.564s] GC(2) Using 4 workers of 4 for evacuation
[2026-03-19T22:27:49.836+0000][3.575s] GC(2)   Pre Evacuate Collection Set: 0.47ms
[2026-03-19T22:27:49.836+0000][3.575s] GC(2)   Merge Heap Roots: 0.16ms
[2026-03-19T22:27:49.836+0000][3.575s] GC(2)   Evacuate Collection Set: 7.94ms
[2026-03-19T22:27:49.836+0000][3.575s] GC(2)   Post Evacuate Collection Set: 1.66ms
[2026-03-19T22:27:49.837+0000][3.575s] GC(2)   Other: 0.16ms
[2026-03-19T22:27:49.837+0000][3.575s] GC(2) Eden regions: 34->0(73)
[2026-03-19T22:27:49.837+0000][3.575s] GC(2) Survivor regions: 8->3(10)
[2026-03-19T22:27:49.837+0000][3.575s] GC(2) Old regions: 1->9
[2026-03-19T22:27:49.837+0000][3.575s] GC(2) Humongous regions: 4->4
[2026-03-19T22:27:49.837+0000][3.576s] GC(2) Metaspace: 35576K(36096K)->35576K(36096K) NonClass: 31268K(31552K)->31268K(31552K) Class: 4307K(4544K)->4307K(4544K)
[2026-03-19T22:27:49.837+0000][3.576s] GC(2) Pause Young (Prepare Mixed) (Metadata GC Threshold) 91M->29M(3072M) 11.542ms
[2026-03-19T22:27:49.837+0000][3.576s] GC(2) User=0.04s Sys=0.00s Real=0.01s
[2026-03-19T22:27:49.895+0000][3.634s] GC(3) Pause Young (Mixed) (Metadata GC Threshold)
[2026-03-19T22:27:49.895+0000][3.634s] GC(3) Using 4 workers of 4 for evacuation
[2026-03-19T22:27:49.900+0000][3.639s] GC(3)   Pre Evacuate Collection Set: 0.23ms
[2026-03-19T22:27:49.900+0000][3.639s] GC(3)   Merge Heap Roots: 0.07ms
[2026-03-19T22:27:49.900+0000][3.639s] GC(3)   Evacuate Collection Set: 3.56ms
[2026-03-19T22:27:49.900+0000][3.639s] GC(3)   Post Evacuate Collection Set: 0.52ms
[2026-03-19T22:27:49.900+0000][3.639s] GC(3)   Other: 0.08ms
[2026-03-19T22:27:49.900+0000][3.639s] GC(3) Eden regions: 5->0(73)
[2026-03-19T22:27:49.900+0000][3.639s] GC(3) Survivor regions: 3->3(10)
[2026-03-19T22:27:49.900+0000][3.639s] GC(3) Old regions: 9->8
[2026-03-19T22:27:49.900+0000][3.639s] GC(3) Humongous regions: 4->4
[2026-03-19T22:27:49.900+0000][3.639s] GC(3) Metaspace: 35999K(36416K)->35999K(36416K) NonClass: 31634K(31872K)->31634K(31872K) Class: 4365K(4544K)->4365K(4544K)
[2026-03-19T22:27:49.900+0000][3.639s] GC(3) Pause Young (Mixed) (Metadata GC Threshold) 39M->29M(3072M) 4.838ms
[2026-03-19T22:27:49.900+0000][3.639s] GC(3) User=0.02s Sys=0.00s Real=0.01s
[2026-03-19T22:27:49.914+0000][3.653s] GC(4) Pause Young (Concurrent Start) (Metadata GC Threshold)
[2026-03-19T22:27:49.914+0000][3.653s] GC(4) Using 4 workers of 4 for evacuation
[2026-03-19T22:27:49.917+0000][3.656s] GC(4)   Pre Evacuate Collection Set: 0.27ms
[2026-03-19T22:27:49.917+0000][3.656s] GC(4)   Merge Heap Roots: 0.07ms
[2026-03-19T22:27:49.917+0000][3.656s] GC(4)   Evacuate Collection Set: 2.13ms
[2026-03-19T22:27:49.917+0000][3.656s] GC(4)   Post Evacuate Collection Set: 0.44ms
[2026-03-19T22:27:49.917+0000][3.656s] GC(4)   Other: 0.17ms
[2026-03-19T22:27:49.917+0000][3.656s] GC(4) Eden regions: 2->0(73)
[2026-03-19T22:27:49.917+0000][3.656s] GC(4) Survivor regions: 3->3(10)
[2026-03-19T22:27:49.918+0000][3.656s] GC(4) Old regions: 8->8
[2026-03-19T22:27:49.918+0000][3.656s] GC(4) Humongous regions: 4->4
[2026-03-19T22:27:49.918+0000][3.656s] GC(4) Metaspace: 36202K(36736K)->36202K(36736K) NonClass: 31800K(32064K)->31800K(32064K) Class: 4401K(4672K)->4401K(4672K)
[2026-03-19T22:27:49.918+0000][3.656s] GC(4) Pause Young (Concurrent Start) (Metadata GC Threshold) 32M->29M(3072M) 3.505ms
[2026-03-19T22:27:49.918+0000][3.656s] GC(4) User=0.01s Sys=0.00s Real=0.00s
[2026-03-19T22:27:49.918+0000][3.656s] GC(5) Concurrent Mark Cycle
[2026-03-19T22:27:49.918+0000][3.657s] GC(5) Concurrent Scan Root Regions
[2026-03-19T22:27:49.921+0000][3.659s] GC(5) Concurrent Scan Root Regions 2.826ms
[2026-03-19T22:27:49.921+0000][3.660s] GC(5) Concurrent Mark
[2026-03-19T22:27:49.921+0000][3.660s] GC(5) Concurrent Mark From Roots
[2026-03-19T22:27:49.921+0000][3.660s] GC(5) Using 2 workers of 2 for marking
[2026-03-19T22:27:49.926+0000][3.665s] GC(5) Concurrent Mark From Roots 4.979ms
[2026-03-19T22:27:49.926+0000][3.665s] GC(5) Concurrent Preclean
[2026-03-19T22:27:49.926+0000][3.665s] GC(5) Concurrent Preclean 0.202ms
[2026-03-19T22:27:49.926+0000][3.665s] GC(5) Pause Remark
[2026-03-19T22:27:49.929+0000][3.668s] GC(5) Pause Remark 32M->32M(3072M) 2.790ms
[2026-03-19T22:27:49.929+0000][3.668s] GC(5) User=0.01s Sys=0.00s Real=0.01s
[2026-03-19T22:27:49.929+0000][3.668s] GC(5) Concurrent Mark 8.517ms
[2026-03-19T22:27:49.930+0000][3.668s] GC(5) Concurrent Rebuild Remembered Sets and Scrub Regions
[2026-03-19T22:27:49.932+0000][3.671s] GC(5) Concurrent Rebuild Remembered Sets and Scrub Regions 2.407ms
[2026-03-19T22:27:49.933+0000][3.671s] GC(5) Pause Cleanup
[2026-03-19T22:27:49.933+0000][3.671s] GC(5) Pause Cleanup 32M->32M(3072M) 0.215ms
[2026-03-19T22:27:49.933+0000][3.672s] GC(5) User=0.00s Sys=0.00s Real=0.00s
[2026-03-19T22:27:49.933+0000][3.672s] GC(5) Concurrent Clear Claimed Marks
[2026-03-19T22:27:49.933+0000][3.672s] GC(5) Concurrent Clear Claimed Marks 0.135ms
[2026-03-19T22:27:49.933+0000][3.672s] GC(5) Concurrent Cleanup for Next Mark
[2026-03-19T22:27:49.934+0000][3.673s] GC(5) Concurrent Cleanup for Next Mark 0.792ms
[2026-03-19T22:27:49.934+0000][3.673s] GC(5) Concurrent Mark Cycle 16.335ms
[2026-03-19T22:27:50.617+0000][4.355s] GC(6) Pause Young (Normal) (GCLocker Initiated GC)
[2026-03-19T22:27:50.618+0000][4.357s] GC(6) Using 4 workers of 4 for evacuation
[2026-03-19T22:27:50.622+0000][4.360s] GC(6)   Pre Evacuate Collection Set: 0.25ms
[2026-03-19T22:27:50.622+0000][4.361s] GC(6)   Merge Heap Roots: 0.10ms
[2026-03-19T22:27:50.622+0000][4.361s] GC(6)   Evacuate Collection Set: 2.83ms
[2026-03-19T22:27:50.622+0000][4.361s] GC(6)   Post Evacuate Collection Set: 0.54ms
[2026-03-19T22:27:50.622+0000][4.361s] GC(6)   Other: 0.13ms
[2026-03-19T22:27:50.622+0000][4.361s] GC(6) Eden regions: 73->0(124)
[2026-03-19T22:27:50.622+0000][4.361s] GC(6) Survivor regions: 3->5(10)
[2026-03-19T22:27:50.622+0000][4.361s] GC(6) Old regions: 8->8
[2026-03-19T22:27:50.622+0000][4.361s] GC(6) Humongous regions: 4->4
[2026-03-19T22:27:50.622+0000][4.361s] GC(6) Metaspace: 46970K(47552K)->46970K(47552K) NonClass: 41194K(41536K)->41194K(41536K) Class: 5776K(6016K)->5776K(6016K)
[2026-03-19T22:27:50.622+0000][4.361s] GC(6) Pause Young (Normal) (GCLocker Initiated GC) 175M->33M(3072M) 5.649ms
[2026-03-19T22:27:50.622+0000][4.361s] GC(6) User=0.01s Sys=0.00s Real=0.01s
[2026-03-19T22:28:30.509+0000][44.247s] GC(7) Pause Young (Normal) (G1 Evacuation Pause)
[2026-03-19T22:28:30.509+0000][44.247s] GC(7) Using 4 workers of 4 for evacuation
[2026-03-19T22:28:30.519+0000][44.258s] GC(7)   Pre Evacuate Collection Set: 0.50ms
[2026-03-19T22:28:30.519+0000][44.258s] GC(7)   Merge Heap Roots: 0.15ms
[2026-03-19T22:28:30.519+0000][44.258s] GC(7)   Evacuate Collection Set: 8.22ms
[2026-03-19T22:28:30.520+0000][44.258s] GC(7)   Post Evacuate Collection Set: 1.45ms
[2026-03-19T22:28:30.520+0000][44.258s] GC(7)   Other: 0.23ms
[2026-03-19T22:28:30.520+0000][44.258s] GC(7) Eden regions: 121->0(213)
[2026-03-19T22:28:30.520+0000][44.258s] GC(7) Survivor regions: 5->7(16)
[2026-03-19T22:28:30.520+0000][44.258s] GC(7) Old regions: 8->8
[2026-03-19T22:28:30.520+0000][44.258s] GC(7) Humongous regions: 4->4
[2026-03-19T22:28:30.520+0000][44.258s] GC(7) Metaspace: 58702K(59456K)->58702K(59456K) NonClass: 51449K(51904K)->51449K(51904K) Class: 7253K(7552K)->7253K(7552K)
[2026-03-19T22:28:30.520+0000][44.258s] GC(7) Pause Young (Normal) (G1 Evacuation Pause) 275M->37M(3072M) 11.281ms
[2026-03-19T22:28:30.520+0000][44.259s] GC(7) User=0.04s Sys=0.00s Real=0.02s
[2026-03-19T22:32:04.897+0000][258.635s] GC(8) Pause Young (Concurrent Start) (Metadata GC Threshold)
[2026-03-19T22:32:04.898+0000][258.636s] GC(8) Using 4 workers of 4 for evacuation
[2026-03-19T22:32:04.933+0000][258.671s] GC(8)   Pre Evacuate Collection Set: 1.35ms
[2026-03-19T22:32:04.933+0000][258.671s] GC(8)   Merge Heap Roots: 0.28ms
[2026-03-19T22:32:04.933+0000][258.671s] GC(8)   Evacuate Collection Set: 30.35ms
[2026-03-19T22:32:04.933+0000][258.671s] GC(8)   Post Evacuate Collection Set: 2.55ms
[2026-03-19T22:32:04.933+0000][258.671s] GC(8)   Other: 0.36ms
[2026-03-19T22:32:04.933+0000][258.671s] GC(8) Eden regions: 121->0(341)
[2026-03-19T22:32:04.933+0000][258.671s] GC(8) Survivor regions: 7->9(28)
[2026-03-19T22:32:04.933+0000][258.671s] GC(8) Old regions: 8->8
[2026-03-19T22:32:04.933+0000][258.671s] GC(8) Humongous regions: 4->4
[2026-03-19T22:32:04.933+0000][258.671s] GC(8) Metaspace: 60869K(61568K)->60869K(61568K) NonClass: 53397K(53760K)->53397K(53760K) Class: 7471K(7808K)->7471K(7808K)
[2026-03-19T22:32:04.933+0000][258.672s] GC(8) Pause Young (Concurrent Start) (Metadata GC Threshold) 279M->41M(3072M) 36.173ms
[2026-03-19T22:32:04.933+0000][258.672s] GC(8) User=0.13s Sys=0.00s Real=0.04s
[2026-03-19T22:32:04.933+0000][258.672s] GC(9) Concurrent Mark Cycle
[2026-03-19T22:32:04.934+0000][258.672s] GC(9) Concurrent Scan Root Regions
[2026-03-19T22:32:04.940+0000][258.678s] GC(9) Concurrent Scan Root Regions 6.233ms
[2026-03-19T22:32:04.940+0000][258.678s] GC(9) Concurrent Mark
[2026-03-19T22:32:04.940+0000][258.678s] GC(9) Concurrent Mark From Roots
[2026-03-19T22:32:04.940+0000][258.678s] GC(9) Using 2 workers of 2 for marking
[2026-03-19T22:32:04.948+0000][258.686s] GC(9) Concurrent Mark From Roots 7.842ms
[2026-03-19T22:32:04.949+0000][258.687s] GC(9) Concurrent Preclean
[2026-03-19T22:32:04.949+0000][258.687s] GC(9) Concurrent Preclean 0.283ms
[2026-03-19T22:32:04.950+0000][258.688s] GC(9) Pause Remark
[2026-03-19T22:32:04.961+0000][258.700s] GC(9) Pause Remark 43M->43M(3072M) 11.227ms
[2026-03-19T22:32:04.962+0000][258.700s] GC(9) User=0.03s Sys=0.00s Real=0.01s
[2026-03-19T22:32:04.962+0000][258.700s] GC(9) Concurrent Mark 21.608ms
[2026-03-19T22:32:04.962+0000][258.700s] GC(9) Concurrent Rebuild Remembered Sets and Scrub Regions
[2026-03-19T22:32:04.966+0000][258.704s] GC(9) Concurrent Rebuild Remembered Sets and Scrub Regions 4.255ms
[2026-03-19T22:32:04.967+0000][258.705s] GC(9) Pause Cleanup
[2026-03-19T22:32:04.967+0000][258.705s] GC(9) Pause Cleanup 44M->44M(3072M) 0.319ms
[2026-03-19T22:32:04.967+0000][258.705s] GC(9) User=0.00s Sys=0.00s Real=0.00s
[2026-03-19T22:32:04.967+0000][258.705s] GC(9) Concurrent Clear Claimed Marks
[2026-03-19T22:32:04.967+0000][258.705s] GC(9) Concurrent Clear Claimed Marks 0.124ms
[2026-03-19T22:32:04.967+0000][258.706s] GC(9) Concurrent Cleanup for Next Mark
[2026-03-19T22:32:04.991+0000][258.730s] GC(9) Concurrent Cleanup for Next Mark 24.124ms
[2026-03-19T22:32:04.992+0000][258.730s] GC(9) Concurrent Mark Cycle 58.208ms
[2026-03-19T22:41:55.506+0000][849.243s] GC(10) Pause Young (Normal) (G1 Evacuation Pause)
[2026-03-19T22:41:55.507+0000][849.244s] GC(10) Using 4 workers of 4 for evacuation
[2026-03-19T22:41:55.565+0000][849.302s] GC(10)   Pre Evacuate Collection Set: 1.45ms
[2026-03-19T22:41:55.565+0000][849.302s] GC(10)   Merge Heap Roots: 0.27ms
[2026-03-19T22:41:55.565+0000][849.302s] GC(10)   Evacuate Collection Set: 53.17ms
[2026-03-19T22:41:55.565+0000][849.302s] GC(10)   Post Evacuate Collection Set: 2.65ms
[2026-03-19T22:41:55.565+0000][849.302s] GC(10)   Other: 0.27ms
[2026-03-19T22:41:55.565+0000][849.302s] GC(10) Eden regions: 328->0(463)
[2026-03-19T22:41:55.565+0000][849.302s] GC(10) Survivor regions: 9->10(43)
[2026-03-19T22:41:55.565+0000][849.302s] GC(10) Old regions: 8->8
[2026-03-19T22:41:55.565+0000][849.302s] GC(10) Humongous regions: 4->4
[2026-03-19T22:41:55.565+0000][849.302s] GC(10) Metaspace: 65579K(66432K)->65579K(66432K) NonClass: 57505K(57984K)->57505K(57984K) Class: 8073K(8448K)->8073K(8448K)
[2026-03-19T22:41:55.565+0000][849.302s] GC(10) Pause Young (Normal) (G1 Evacuation Pause) 697M->42M(3072M) 58.647ms
[2026-03-19T22:41:55.565+0000][849.302s] GC(10) User=0.22s Sys=0.00s Real=0.06s
[2026-03-19T22:55:19.594+0000][1653.329s] GC(11) Pause Young (Normal) (G1 Evacuation Pause)
[2026-03-19T22:55:19.595+0000][1653.330s] GC(11) Using 4 workers of 4 for evacuation
[2026-03-19T22:55:19.690+0000][1653.425s] GC(11)   Pre Evacuate Collection Set: 1.92ms
[2026-03-19T22:55:19.690+0000][1653.426s] GC(11)   Merge Heap Roots: 0.34ms
[2026-03-19T22:55:19.690+0000][1653.426s] GC(11)   Evacuate Collection Set: 88.38ms
[2026-03-19T22:55:19.690+0000][1653.426s] GC(11)   Post Evacuate Collection Set: 4.32ms
[2026-03-19T22:55:19.690+0000][1653.426s] GC(11)   Other: 0.49ms
[2026-03-19T22:55:19.690+0000][1653.426s] GC(11) Eden regions: 467->0(911)
[2026-03-19T22:55:19.690+0000][1653.426s] GC(11) Survivor regions: 10->10(60)
[2026-03-19T22:55:19.690+0000][1653.426s] GC(11) Old regions: 8->8
[2026-03-19T22:55:19.690+0000][1653.426s] GC(11) Humongous regions: 4->4
[2026-03-19T22:55:19.690+0000][1653.426s] GC(11) Metaspace: 66084K(66880K)->66084K(66880K) NonClass: 57993K(58432K)->57993K(58432K) Class: 8091K(8448K)->8091K(8448K)
[2026-03-19T22:55:19.691+0000][1653.426s] GC(11) Pause Young (Normal) (G1 Evacuation Pause) 976M->43M(3072M) 96.359ms
[2026-03-19T22:55:19.691+0000][1653.426s] GC(11) User=0.33s Sys=0.02s Real=0.09s
[2026-03-19T23:20:14.708+0000][3148.440s] GC(12) Pause Full (System.gc())
[2026-03-19T23:20:14.710+0000][3148.443s] GC(12) Using 4 workers of 4 for full compaction
[2026-03-19T23:20:14.711+0000][3148.444s] GC(12) Phase 1: Mark live objects
[2026-03-19T23:20:15.016+0000][3148.749s] GC(12) Phase 1: Mark live objects 304.927ms
[2026-03-19T23:20:15.016+0000][3148.749s] GC(12) Phase 2: Prepare compaction
[2026-03-19T23:20:15.025+0000][3148.758s] GC(12) Phase 2: Prepare compaction 8.796ms
[2026-03-19T23:20:15.025+0000][3148.758s] GC(12) Phase 3: Adjust pointers
[2026-03-19T23:20:15.039+0000][3148.771s] GC(12) Phase 3: Adjust pointers 13.312ms
[2026-03-19T23:20:15.039+0000][3148.771s] GC(12) Phase 4: Compact heap
[2026-03-19T23:20:15.045+0000][3148.778s] GC(12) Phase 4: Compact heap 6.663ms
[2026-03-19T23:20:15.045+0000][3148.778s] GC(12) Phase 5: Reset Metadata
[2026-03-19T23:20:15.049+0000][3148.781s] GC(12) Phase 5: Reset Metadata 3.531ms
[2026-03-19T23:20:15.059+0000][3148.792s] GC(12) Eden regions: 844->0(921)
[2026-03-19T23:20:15.059+0000][3148.792s] GC(12) Survivor regions: 10->0(60)
[2026-03-19T23:20:15.059+0000][3148.792s] GC(12) Old regions: 8->20
[2026-03-19T23:20:15.059+0000][3148.792s] GC(12) Humongous regions: 4->4
[2026-03-19T23:20:15.060+0000][3148.792s] GC(12) Metaspace: 66301K(67136K)->66299K(67136K) NonClass: 58208K(58688K)->58207K(58688K) Class: 8093K(8448K)->8092K(8448K)
[2026-03-19T23:20:15.060+0000][3148.792s] GC(12) Pause Full (System.gc()) 1731M->45M(3072M) 352.119ms
[2026-03-19T23:20:15.060+0000][3148.792s] GC(12) User=1.03s Sys=0.01s Real=0.35s
[2026-03-19T23:45:10.845+0000][4644.574s] GC(13) Pause Full (System.gc())
[2026-03-19T23:45:10.847+0000][4644.575s] GC(13) Using 4 workers of 4 for full compaction
[2026-03-19T23:45:10.847+0000][4644.576s] GC(13) Phase 1: Mark live objects
[2026-03-19T23:45:11.148+0000][4644.877s] GC(13) Phase 1: Mark live objects 300.874ms
[2026-03-19T23:45:11.148+0000][4644.877s] GC(13) Phase 2: Prepare compaction
[2026-03-19T23:45:11.158+0000][4644.887s] GC(13) Phase 2: Prepare compaction 10.022ms
[2026-03-19T23:45:11.158+0000][4644.887s] GC(13) Phase 3: Adjust pointers
[2026-03-19T23:45:11.169+0000][4644.898s] GC(13) Phase 3: Adjust pointers 10.807ms
[2026-03-19T23:45:11.169+0000][4644.898s] GC(13) Phase 4: Compact heap
[2026-03-19T23:45:11.175+0000][4644.904s] GC(13) Phase 4: Compact heap 6.008ms
[2026-03-19T23:45:11.175+0000][4644.904s] GC(13) Phase 5: Reset Metadata
[2026-03-19T23:45:11.177+0000][4644.906s] GC(13) Phase 5: Reset Metadata 2.223ms
[2026-03-19T23:45:11.192+0000][4644.921s] GC(13) Eden regions: 845->0(921)
[2026-03-19T23:45:11.193+0000][4644.921s] GC(13) Survivor regions: 0->0(60)
[2026-03-19T23:45:11.193+0000][4644.921s] GC(13) Old regions: 20->21
[2026-03-19T23:45:11.193+0000][4644.921s] GC(13) Humongous regions: 4->4
[2026-03-19T23:45:11.193+0000][4644.921s] GC(13) Metaspace: 66420K(67200K)->66420K(67200K) NonClass: 58327K(58752K)->58327K(58752K) Class: 8093K(8448K)->8093K(8448K)
[2026-03-19T23:45:11.193+0000][4644.922s] GC(13) Pause Full (System.gc()) 1735M->45M(3072M) 347.846ms
[2026-03-19T23:45:11.193+0000][4644.922s] GC(13) User=0.77s Sys=0.00s Real=0.35s
[2026-03-19T23:51:30.442+0000][5024.169s] Heap
[2026-03-19T23:51:30.442+0000][5024.170s]  garbage-first heap   total 3145728K, used 517727K [0x0000000700000000, 0x0000000800000000)
[2026-03-19T23:51:30.442+0000][5024.170s]   region size 2048K, 230 young (471040K), 0 survivors (0K)
[2026-03-19T23:51:30.443+0000][5024.170s]  Metaspace       used 66897K, committed 67712K, reserved 1114112K
[2026-03-19T23:51:30.443+0000][5024.170s]   class space    used 8197K, committed 8576K, reserved 1048576K
