[2026-03-19T20:09:21.972+0000][0.017s] CardTable entry size: 512
[2026-03-19T20:09:21.973+0000][0.018s] Using G1
[2026-03-19T20:09:22.843+0000][0.889s] Version: 21.0.10+7-LTS (release)
[2026-03-19T20:09:22.844+0000][0.889s] CPUs: 11 total, 4 available
[2026-03-19T20:09:22.845+0000][0.890s] Memory: 6144M
[2026-03-19T20:09:22.846+0000][0.891s] Large Page Support: Disabled
[2026-03-19T20:09:22.847+0000][0.892s] NUMA Support: Disabled
[2026-03-19T20:09:22.847+0000][0.892s] Compressed Oops: Enabled (Zero based)
[2026-03-19T20:09:22.847+0000][0.892s] Heap Region Size: 2M
[2026-03-19T20:09:22.847+0000][0.893s] Heap Min Capacity: 3G
[2026-03-19T20:09:22.848+0000][0.893s] Heap Initial Capacity: 3G
[2026-03-19T20:09:22.848+0000][0.893s] Heap Max Capacity: 4G
[2026-03-19T20:09:22.849+0000][0.894s] Pre-touch: Enabled
[2026-03-19T20:09:22.849+0000][0.894s] Parallel Workers: 4
[2026-03-19T20:09:22.849+0000][0.894s] Concurrent Workers: 2
[2026-03-19T20:09:22.849+0000][0.894s] Concurrent Refinement Workers: 4
[2026-03-19T20:09:22.849+0000][0.895s] Periodic GC: Disabled
[2026-03-19T20:09:22.902+0000][0.947s] CDS archive(s) mapped at: [0x0000003000000000-0x0000003000bb0000-0x0000003000bb0000), size 12255232, SharedBaseAddress: 0x0000003000000000, ArchiveRelocationMode: 1.
[2026-03-19T20:09:22.902+0000][0.947s] Compressed class space mapped at: 0x0000003001000000-0x0000003041000000, reserved size: 1073741824
[2026-03-19T20:09:22.902+0000][0.947s] Narrow klass base: 0x0000003000000000, Narrow klass shift: 0, Narrow klass range: 0x100000000
[2026-03-19T20:09:25.290+0000][3.336s] GC(0) Pause Young (Concurrent Start) (Metadata GC Threshold)
[2026-03-19T20:09:25.291+0000][3.336s] GC(0) Using 4 workers of 4 for evacuation
[2026-03-19T20:09:25.302+0000][3.347s] GC(0)   Pre Evacuate Collection Set: 0.96ms
[2026-03-19T20:09:25.302+0000][3.347s] GC(0)   Merge Heap Roots: 0.46ms
[2026-03-19T20:09:25.302+0000][3.347s] GC(0)   Evacuate Collection Set: 6.41ms
[2026-03-19T20:09:25.302+0000][3.347s] GC(0)   Post Evacuate Collection Set: 2.38ms
[2026-03-19T20:09:25.302+0000][3.348s] GC(0)   Other: 0.69ms
[2026-03-19T20:09:25.302+0000][3.348s] GC(0) Eden regions: 44->0(68)
[2026-03-19T20:09:25.302+0000][3.348s] GC(0) Survivor regions: 0->8(10)
[2026-03-19T20:09:25.303+0000][3.348s] GC(0) Old regions: 1->1
[2026-03-19T20:09:25.303+0000][3.348s] GC(0) Humongous regions: 4->4
[2026-03-19T20:09:25.303+0000][3.348s] GC(0) Metaspace: 21180K(21504K)->21180K(21504K) NonClass: 18708K(18880K)->18708K(18880K) Class: 2471K(2624K)->2471K(2624K)
[2026-03-19T20:09:25.303+0000][3.348s] GC(0) Pause Young (Concurrent Start) (Metadata GC Threshold) 95M->23M(3074M) 12.942ms
[2026-03-19T20:09:25.303+0000][3.349s] GC(0) User=0.04s Sys=0.00s Real=0.01s
[2026-03-19T20:09:25.303+0000][3.349s] GC(1) Concurrent Mark Cycle
[2026-03-19T20:09:25.304+0000][3.349s] GC(1) Concurrent Scan Root Regions
[2026-03-19T20:09:25.310+0000][3.356s] GC(1) Concurrent Scan Root Regions 6.841ms
[2026-03-19T20:09:25.311+0000][3.357s] GC(1) Concurrent Mark
[2026-03-19T20:09:25.312+0000][3.357s] GC(1) Concurrent Mark From Roots
[2026-03-19T20:09:25.315+0000][3.360s] GC(1) Using 2 workers of 2 for marking
[2026-03-19T20:09:25.319+0000][3.364s] GC(1) Concurrent Mark From Roots 6.862ms
[2026-03-19T20:09:25.321+0000][3.366s] GC(1) Concurrent Preclean
[2026-03-19T20:09:25.322+0000][3.367s] GC(1) Concurrent Preclean 1.146ms
[2026-03-19T20:09:25.323+0000][3.369s] GC(1) Pause Remark
[2026-03-19T20:09:25.326+0000][3.372s] GC(1) Pause Remark 25M->25M(3072M) 3.296ms
[2026-03-19T20:09:25.327+0000][3.372s] GC(1) User=0.00s Sys=0.00s Real=0.00s
[2026-03-19T20:09:25.327+0000][3.372s] GC(1) Concurrent Mark 15.615ms
[2026-03-19T20:09:25.329+0000][3.374s] GC(1) Concurrent Rebuild Remembered Sets and Scrub Regions
[2026-03-19T20:09:25.331+0000][3.376s] GC(1) Concurrent Rebuild Remembered Sets and Scrub Regions 1.892ms
[2026-03-19T20:09:25.333+0000][3.378s] GC(1) Pause Cleanup
[2026-03-19T20:09:25.334+0000][3.379s] GC(1) Pause Cleanup 25M->25M(3072M) 1.122ms
[2026-03-19T20:09:25.335+0000][3.381s] GC(1) User=0.00s Sys=0.00s Real=0.00s
[2026-03-19T20:09:25.336+0000][3.382s] GC(1) Concurrent Clear Claimed Marks
[2026-03-19T20:09:25.337+0000][3.382s] GC(1) Concurrent Clear Claimed Marks 0.207ms
[2026-03-19T20:09:25.337+0000][3.382s] GC(1) Concurrent Cleanup for Next Mark
[2026-03-19T20:09:25.339+0000][3.385s] GC(1) Concurrent Cleanup for Next Mark 2.358ms
[2026-03-19T20:09:25.340+0000][3.385s] GC(1) Concurrent Mark Cycle 36.495ms
[2026-03-19T20:09:26.753+0000][4.798s] GC(2) Pause Young (Prepare Mixed) (Metadata GC Threshold)
[2026-03-19T20:09:26.753+0000][4.798s] GC(2) Using 4 workers of 4 for evacuation
[2026-03-19T20:09:26.762+0000][4.807s] GC(2)   Pre Evacuate Collection Set: 0.26ms
[2026-03-19T20:09:26.762+0000][4.807s] GC(2)   Merge Heap Roots: 0.06ms
[2026-03-19T20:09:26.762+0000][4.807s] GC(2)   Evacuate Collection Set: 6.96ms
[2026-03-19T20:09:26.762+0000][4.807s] GC(2)   Post Evacuate Collection Set: 1.39ms
[2026-03-19T20:09:26.762+0000][4.807s] GC(2)   Other: 0.14ms
[2026-03-19T20:09:26.762+0000][4.807s] GC(2) Eden regions: 37->0(73)
[2026-03-19T20:09:26.762+0000][4.807s] GC(2) Survivor regions: 8->3(10)
[2026-03-19T20:09:26.762+0000][4.807s] GC(2) Old regions: 1->9
[2026-03-19T20:09:26.762+0000][4.807s] GC(2) Humongous regions: 4->4
[2026-03-19T20:09:26.762+0000][4.808s] GC(2) Metaspace: 35570K(35968K)->35570K(35968K) NonClass: 31263K(31488K)->31263K(31488K) Class: 4306K(4480K)->4306K(4480K)
[2026-03-19T20:09:26.762+0000][4.808s] GC(2) Pause Young (Prepare Mixed) (Metadata GC Threshold) 96M->29M(3072M) 9.602ms
[2026-03-19T20:09:26.762+0000][4.808s] GC(2) User=0.03s Sys=0.00s Real=0.01s
[2026-03-19T20:09:26.785+0000][4.830s] GC(3) Pause Young (Mixed) (Metadata GC Threshold)
[2026-03-19T20:09:26.785+0000][4.830s] GC(3) Using 4 workers of 4 for evacuation
[2026-03-19T20:09:26.789+0000][4.835s] GC(3)   Pre Evacuate Collection Set: 0.23ms
[2026-03-19T20:09:26.790+0000][4.835s] GC(3)   Merge Heap Roots: 0.11ms
[2026-03-19T20:09:26.790+0000][4.835s] GC(3)   Evacuate Collection Set: 3.41ms
[2026-03-19T20:09:26.790+0000][4.835s] GC(3)   Post Evacuate Collection Set: 0.72ms
[2026-03-19T20:09:26.790+0000][4.835s] GC(3)   Other: 0.09ms
[2026-03-19T20:09:26.790+0000][4.835s] GC(3) Eden regions: 1->0(73)
[2026-03-19T20:09:26.790+0000][4.835s] GC(3) Survivor regions: 3->3(10)
[2026-03-19T20:09:26.790+0000][4.835s] GC(3) Old regions: 9->9
[2026-03-19T20:09:26.790+0000][4.835s] GC(3) Humongous regions: 4->4
[2026-03-19T20:09:26.790+0000][4.835s] GC(3) Metaspace: 35849K(36288K)->35849K(36288K) NonClass: 31503K(31744K)->31503K(31744K) Class: 4346K(4544K)->4346K(4544K)
[2026-03-19T20:09:26.790+0000][4.835s] GC(3) Pause Young (Mixed) (Metadata GC Threshold) 30M->30M(3072M) 5.362ms
[2026-03-19T20:09:26.790+0000][4.836s] GC(3) User=0.02s Sys=0.00s Real=0.01s
[2026-03-19T20:09:26.807+0000][4.853s] GC(4) Pause Young (Concurrent Start) (Metadata GC Threshold)
[2026-03-19T20:09:26.807+0000][4.853s] GC(4) Using 4 workers of 4 for evacuation
[2026-03-19T20:09:26.811+0000][4.857s] GC(4)   Pre Evacuate Collection Set: 0.35ms
[2026-03-19T20:09:26.811+0000][4.857s] GC(4)   Merge Heap Roots: 0.06ms
[2026-03-19T20:09:26.811+0000][4.857s] GC(4)   Evacuate Collection Set: 2.62ms
[2026-03-19T20:09:26.812+0000][4.857s] GC(4)   Post Evacuate Collection Set: 0.70ms
[2026-03-19T20:09:26.812+0000][4.857s] GC(4)   Other: 0.14ms
[2026-03-19T20:09:26.812+0000][4.857s] GC(4) Eden regions: 2->0(73)
[2026-03-19T20:09:26.812+0000][4.857s] GC(4) Survivor regions: 3->3(10)
[2026-03-19T20:09:26.812+0000][4.857s] GC(4) Old regions: 9->9
[2026-03-19T20:09:26.812+0000][4.857s] GC(4) Humongous regions: 4->4
[2026-03-19T20:09:26.812+0000][4.857s] GC(4) Metaspace: 36165K(36608K)->36165K(36608K) NonClass: 31772K(32000K)->31772K(32000K) Class: 4392K(4608K)->4392K(4608K)
[2026-03-19T20:09:26.812+0000][4.857s] GC(4) Pause Young (Concurrent Start) (Metadata GC Threshold) 33M->30M(3072M) 4.717ms
[2026-03-19T20:09:26.812+0000][4.857s] GC(4) User=0.01s Sys=0.00s Real=0.01s
[2026-03-19T20:09:26.812+0000][4.857s] GC(5) Concurrent Mark Cycle
[2026-03-19T20:09:26.812+0000][4.858s] GC(5) Concurrent Scan Root Regions
[2026-03-19T20:09:26.814+0000][4.860s] GC(5) Concurrent Scan Root Regions 2.193ms
[2026-03-19T20:09:26.815+0000][4.860s] GC(5) Concurrent Mark
[2026-03-19T20:09:26.815+0000][4.860s] GC(5) Concurrent Mark From Roots
[2026-03-19T20:09:26.815+0000][4.860s] GC(5) Using 2 workers of 2 for marking
[2026-03-19T20:09:26.824+0000][4.870s] GC(5) Concurrent Mark From Roots 9.888ms
[2026-03-19T20:09:26.825+0000][4.870s] GC(5) Concurrent Preclean
[2026-03-19T20:09:26.825+0000][4.870s] GC(5) Concurrent Preclean 0.165ms
[2026-03-19T20:09:26.825+0000][4.870s] GC(5) Pause Remark
[2026-03-19T20:09:26.828+0000][4.874s] GC(5) Pause Remark 31M->31M(3072M) 3.315ms
[2026-03-19T20:09:26.828+0000][4.874s] GC(5) User=0.01s Sys=0.00s Real=0.00s
[2026-03-19T20:09:26.829+0000][4.874s] GC(5) Concurrent Mark 14.074ms
[2026-03-19T20:09:26.829+0000][4.874s] GC(5) Concurrent Rebuild Remembered Sets and Scrub Regions
[2026-03-19T20:09:26.833+0000][4.878s] GC(5) Concurrent Rebuild Remembered Sets and Scrub Regions 4.048ms
[2026-03-19T20:09:26.833+0000][4.879s] GC(5) Pause Cleanup
[2026-03-19T20:09:26.834+0000][4.879s] GC(5) Pause Cleanup 32M->32M(3072M) 0.394ms
[2026-03-19T20:09:26.834+0000][4.879s] GC(5) User=0.01s Sys=0.00s Real=0.00s
[2026-03-19T20:09:26.834+0000][4.879s] GC(5) Concurrent Clear Claimed Marks
[2026-03-19T20:09:26.834+0000][4.879s] GC(5) Concurrent Clear Claimed Marks 0.100ms
[2026-03-19T20:09:26.834+0000][4.879s] GC(5) Concurrent Cleanup for Next Mark
[2026-03-19T20:09:26.835+0000][4.880s] GC(5) Concurrent Cleanup for Next Mark 0.999ms
[2026-03-19T20:09:26.836+0000][4.881s] GC(5) Concurrent Mark Cycle 23.842ms
[2026-03-19T20:09:27.841+0000][5.886s] GC(6) Pause Young (Prepare Mixed) (G1 Evacuation Pause)
[2026-03-19T20:09:27.841+0000][5.887s] GC(6) Using 4 workers of 4 for evacuation
[2026-03-19T20:09:27.857+0000][5.903s] GC(6)   Pre Evacuate Collection Set: 2.10ms
[2026-03-19T20:09:27.858+0000][5.903s] GC(6)   Merge Heap Roots: 0.20ms
[2026-03-19T20:09:27.858+0000][5.903s] GC(6)   Evacuate Collection Set: 7.60ms
[2026-03-19T20:09:27.858+0000][5.903s] GC(6)   Post Evacuate Collection Set: 5.24ms
[2026-03-19T20:09:27.858+0000][5.903s] GC(6)   Other: 1.01ms
[2026-03-19T20:09:27.858+0000][5.904s] GC(6) Eden regions: 73->0(106)
[2026-03-19T20:09:27.858+0000][5.904s] GC(6) Survivor regions: 3->5(10)
[2026-03-19T20:09:27.858+0000][5.904s] GC(6) Old regions: 9->9
[2026-03-19T20:09:27.858+0000][5.904s] GC(6) Humongous regions: 4->4
[2026-03-19T20:09:27.858+0000][5.904s] GC(6) Metaspace: 46919K(47488K)->46919K(47488K) NonClass: 41152K(41472K)->41152K(41472K) Class: 5766K(6016K)->5766K(6016K)
[2026-03-19T20:09:27.859+0000][5.904s] GC(6) Pause Young (Prepare Mixed) (G1 Evacuation Pause) 176M->33M(3072M) 17.889ms
[2026-03-19T20:09:27.859+0000][5.904s] GC(6) User=0.02s Sys=0.00s Real=0.01s
[2026-03-19T20:09:41.788+0000][19.834s] GC(7) Pause Young (Mixed) (G1 Evacuation Pause)
[2026-03-19T20:09:41.789+0000][19.834s] GC(7) Using 4 workers of 4 for evacuation
[2026-03-19T20:09:41.800+0000][19.845s] GC(7)   Pre Evacuate Collection Set: 1.53ms
[2026-03-19T20:09:41.800+0000][19.845s] GC(7)   Merge Heap Roots: 0.15ms
[2026-03-19T20:09:41.800+0000][19.845s] GC(7)   Evacuate Collection Set: 6.90ms
[2026-03-19T20:09:41.800+0000][19.845s] GC(7)   Post Evacuate Collection Set: 2.19ms
[2026-03-19T20:09:41.800+0000][19.846s] GC(7)   Other: 0.39ms
[2026-03-19T20:09:41.800+0000][19.846s] GC(7) Eden regions: 104->0(127)
[2026-03-19T20:09:41.800+0000][19.846s] GC(7) Survivor regions: 5->7(14)
[2026-03-19T20:09:41.800+0000][19.846s] GC(7) Old regions: 9->8
[2026-03-19T20:09:41.800+0000][19.846s] GC(7) Humongous regions: 4->4
[2026-03-19T20:09:41.801+0000][19.846s] GC(7) Metaspace: 55509K(56128K)->55509K(56128K) NonClass: 48676K(49024K)->48676K(49024K) Class: 6833K(7104K)->6833K(7104K)
[2026-03-19T20:09:41.801+0000][19.846s] GC(7) Pause Young (Mixed) (G1 Evacuation Pause) 241M->36M(3072M) 12.457ms
[2026-03-19T20:09:41.801+0000][19.846s] GC(7) User=0.04s Sys=0.00s Real=0.02s
[2026-03-19T20:09:42.304+0000][20.350s] GC(8) Pause Young (Concurrent Start) (Metadata GC Threshold)
[2026-03-19T20:09:42.305+0000][20.350s] GC(8) Using 4 workers of 4 for evacuation
[2026-03-19T20:09:42.313+0000][20.358s] GC(8)   Pre Evacuate Collection Set: 0.50ms
[2026-03-19T20:09:42.313+0000][20.358s] GC(8)   Merge Heap Roots: 0.07ms
[2026-03-19T20:09:42.313+0000][20.358s] GC(8)   Evacuate Collection Set: 6.06ms
[2026-03-19T20:09:42.313+0000][20.359s] GC(8)   Post Evacuate Collection Set: 1.29ms
[2026-03-19T20:09:42.313+0000][20.359s] GC(8)   Other: 0.22ms
[2026-03-19T20:09:42.313+0000][20.359s] GC(8) Eden regions: 17->0(126)
[2026-03-19T20:09:42.313+0000][20.359s] GC(8) Survivor regions: 7->8(17)
[2026-03-19T20:09:42.314+0000][20.359s] GC(8) Old regions: 8->8
[2026-03-19T20:09:42.314+0000][20.359s] GC(8) Humongous regions: 4->4
[2026-03-19T20:09:42.314+0000][20.359s] GC(8) Metaspace: 60473K(61248K)->60473K(61248K) NonClass: 52917K(53312K)->52917K(53312K) Class: 7556K(7936K)->7556K(7936K)
[2026-03-19T20:09:42.314+0000][20.359s] GC(8) Pause Young (Concurrent Start) (Metadata GC Threshold) 69M->38M(3072M) 9.381ms
[2026-03-19T20:09:42.314+0000][20.359s] GC(8) User=0.03s Sys=0.00s Real=0.01s
[2026-03-19T20:09:42.314+0000][20.359s] GC(9) Concurrent Mark Cycle
[2026-03-19T20:09:42.314+0000][20.359s] GC(9) Concurrent Scan Root Regions
[2026-03-19T20:09:42.320+0000][20.366s] GC(9) Concurrent Scan Root Regions 6.137ms
[2026-03-19T20:09:42.321+0000][20.366s] GC(9) Concurrent Mark
[2026-03-19T20:09:42.321+0000][20.367s] GC(9) Concurrent Mark From Roots
[2026-03-19T20:09:42.322+0000][20.368s] GC(9) Using 2 workers of 2 for marking
[2026-03-19T20:09:42.330+0000][20.375s] GC(9) Concurrent Mark From Roots 8.126ms
[2026-03-19T20:09:42.330+0000][20.376s] GC(9) Concurrent Preclean
[2026-03-19T20:09:42.331+0000][20.376s] GC(9) Concurrent Preclean 0.663ms
[2026-03-19T20:09:42.331+0000][20.377s] GC(9) Pause Remark
[2026-03-19T20:09:42.336+0000][20.381s] GC(9) Pause Remark 40M->40M(3072M) 4.273ms
[2026-03-19T20:09:42.336+0000][20.381s] GC(9) User=0.01s Sys=0.00s Real=0.00s
[2026-03-19T20:09:42.336+0000][20.381s] GC(9) Concurrent Mark 14.955ms
[2026-03-19T20:09:42.337+0000][20.383s] GC(9) Concurrent Rebuild Remembered Sets and Scrub Regions
[2026-03-19T20:09:42.344+0000][20.390s] GC(9) Concurrent Rebuild Remembered Sets and Scrub Regions 6.929ms
[2026-03-19T20:09:42.345+0000][20.391s] GC(9) Pause Cleanup
[2026-03-19T20:09:42.346+0000][20.391s] GC(9) Pause Cleanup 40M->40M(3072M) 0.523ms
[2026-03-19T20:09:42.346+0000][20.391s] GC(9) User=0.00s Sys=0.00s Real=0.00s
[2026-03-19T20:09:42.346+0000][20.391s] GC(9) Concurrent Clear Claimed Marks
[2026-03-19T20:09:42.347+0000][20.392s] GC(9) Concurrent Clear Claimed Marks 1.092ms
[2026-03-19T20:09:42.350+0000][20.396s] GC(9) Concurrent Cleanup for Next Mark
[2026-03-19T20:09:42.353+0000][20.398s] GC(9) Concurrent Cleanup for Next Mark 2.176ms
[2026-03-19T20:09:42.353+0000][20.398s] GC(9) Concurrent Mark Cycle 38.976ms
[2026-03-19T20:11:30.944+0000][128.989s] Heap
[2026-03-19T20:11:30.945+0000][128.990s]  garbage-first heap   total 3145728K, used 236465K [0x0000000700000000, 0x0000000800000000)
[2026-03-19T20:11:30.945+0000][128.990s]   region size 2048K, 102 young (208896K), 8 survivors (16384K)
[2026-03-19T20:11:30.946+0000][128.990s]  Metaspace       used 64276K, committed 65152K, reserved 1114112K
[2026-03-19T20:11:30.946+0000][128.990s]   class space    used 7969K, committed 8320K, reserved 1048576K
